14:02:58 **** Build of project sw_bsp ****
make -k all 
"Running Make include in ps7_cortexa9_0/libsrc/axivdma_v5_1/src"
C:/Logiciels/Xilinx/SDK/2015.2/gnuwin/bin/make -C ps7_cortexa9_0/libsrc/axivdma_v5_1/src -s include  "SHELL=CMD" "COMPILER=arm-xilinx-eabi-gcc" "ARCHIVER=arm-xilinx-eabi-ar" "COMPILER_FLAGS=  -O2 -c" "EXTRA_COMPILER_FLAGS=-g"
"Running Make include in ps7_cortexa9_0/libsrc/coresightps_dcc_v1_0/src"
C:/Logiciels/Xilinx/SDK/2015.2/gnuwin/bin/make -C ps7_cortexa9_0/libsrc/coresightps_dcc_v1_0/src -s include  "SHELL=CMD" "COMPILER=arm-xilinx-eabi-gcc" "ARCHIVER=arm-xilinx-eabi-ar" "COMPILER_FLAGS=  -O2 -c" "EXTRA_COMPILER_FLAGS=-g"
"Running Make include in ps7_cortexa9_0/libsrc/cpu_cortexa9_v2_1/src"
C:/Logiciels/Xilinx/SDK/2015.2/gnuwin/bin/make -C ps7_cortexa9_0/libsrc/cpu_cortexa9_v2_1/src -s include  "SHELL=CMD" "COMPILER=arm-xilinx-eabi-gcc" "ARCHIVER=arm-xilinx-eabi-ar" "COMPILER_FLAGS=  -O2 -c" "EXTRA_COMPILER_FLAGS=-g"
"Running Make include in ps7_cortexa9_0/libsrc/devcfg_v3_3/src"
C:/Logiciels/Xilinx/SDK/2015.2/gnuwin/bin/make -C ps7_cortexa9_0/libsrc/devcfg_v3_3/src -s include  "SHELL=CMD" "COMPILER=arm-xilinx-eabi-gcc" "ARCHIVER=arm-xilinx-eabi-ar" "COMPILER_FLAGS=  -O2 -c" "EXTRA_COMPILER_FLAGS=-g"
"Running Make include in ps7_cortexa9_0/libsrc/dmaps_v2_1/src"
C:/Logiciels/Xilinx/SDK/2015.2/gnuwin/bin/make -C ps7_cortexa9_0/libsrc/dmaps_v2_1/src -s include  "SHELL=CMD" "COMPILER=arm-xilinx-eabi-gcc" "ARCHIVER=arm-xilinx-eabi-ar" "COMPILER_FLAGS=  -O2 -c" "EXTRA_COMPILER_FLAGS=-g"
"Running Make include in ps7_cortexa9_0/libsrc/emacps_v3_0/src"
C:/Logiciels/Xilinx/SDK/2015.2/gnuwin/bin/make -C ps7_cortexa9_0/libsrc/emacps_v3_0/src -s include  "SHELL=CMD" "COMPILER=arm-xilinx-eabi-gcc" "ARCHIVER=arm-xilinx-eabi-ar" "COMPILER_FLAGS=  -O2 -c" "EXTRA_COMPILER_FLAGS=-g"
"Running Make include in ps7_cortexa9_0/libsrc/gpiops_v3_0/src"
C:/Logiciels/Xilinx/SDK/2015.2/gnuwin/bin/make -C ps7_cortexa9_0/libsrc/gpiops_v3_0/src -s include  "SHELL=CMD" "COMPILER=arm-xilinx-eabi-gcc" "ARCHIVER=arm-xilinx-eabi-ar" "COMPILER_FLAGS=  -O2 -c" "EXTRA_COMPILER_FLAGS=-g"
"Running Make include in ps7_cortexa9_0/libsrc/iic_v3_1/src"
C:/Logiciels/Xilinx/SDK/2015.2/gnuwin/bin/make -C ps7_cortexa9_0/libsrc/iic_v3_1/src -s include  "SHELL=CMD" "COMPILER=arm-xilinx-eabi-gcc" "ARCHIVER=arm-xilinx-eabi-ar" "COMPILER_FLAGS=  -O2 -c" "EXTRA_COMPILER_FLAGS=-g"
"Running Make include in ps7_cortexa9_0/libsrc/qspips_v3_2/src"
C:/Logiciels/Xilinx/SDK/2015.2/gnuwin/bin/make -C ps7_cortexa9_0/libsrc/qspips_v3_2/src -s include  "SHELL=CMD" "COMPILER=arm-xilinx-eabi-gcc" "ARCHIVER=arm-xilinx-eabi-ar" "COMPILER_FLAGS=  -O2 -c" "EXTRA_COMPILER_FLAGS=-g"
"Running Make include in ps7_cortexa9_0/libsrc/scugic_v3_0/src"
C:/Logiciels/Xilinx/SDK/2015.2/gnuwin/bin/make -C ps7_cortexa9_0/libsrc/scugic_v3_0/src -s include  "SHELL=CMD" "COMPILER=arm-xilinx-eabi-gcc" "ARCHIVER=arm-xilinx-eabi-ar" "COMPILER_FLAGS=  -O2 -c" "EXTRA_COMPILER_FLAGS=-g"
"Running Make include in ps7_cortexa9_0/libsrc/scutimer_v2_1/src"
C:/Logiciels/Xilinx/SDK/2015.2/gnuwin/bin/make -C ps7_cortexa9_0/libsrc/scutimer_v2_1/src -s include  "SHELL=CMD" "COMPILER=arm-xilinx-eabi-gcc" "ARCHIVER=arm-xilinx-eabi-ar" "COMPILER_FLAGS=  -O2 -c" "EXTRA_COMPILER_FLAGS=-g"
"Running Make include in ps7_cortexa9_0/libsrc/scuwdt_v2_1/src"
C:/Logiciels/Xilinx/SDK/2015.2/gnuwin/bin/make -C ps7_cortexa9_0/libsrc/scuwdt_v2_1/src -s include  "SHELL=CMD" "COMPILER=arm-xilinx-eabi-gcc" "ARCHIVER=arm-xilinx-eabi-ar" "COMPILER_FLAGS=  -O2 -c" "EXTRA_COMPILER_FLAGS=-g"
"Running Make include in ps7_cortexa9_0/libsrc/sdps_v2_4/src"
C:/Logiciels/Xilinx/SDK/2015.2/gnuwin/bin/make -C ps7_cortexa9_0/libsrc/sdps_v2_4/src -s include  "SHELL=CMD" "COMPILER=arm-xilinx-eabi-gcc" "ARCHIVER=arm-xilinx-eabi-ar" "COMPILER_FLAGS=  -O2 -c" "EXTRA_COMPILER_FLAGS=-g"
"Running Make include in ps7_cortexa9_0/libsrc/standalone_v5_1/src"
C:/Logiciels/Xilinx/SDK/2015.2/gnuwin/bin/make -C ps7_cortexa9_0/libsrc/standalone_v5_1/src -s include  "SHELL=CMD" "COMPILER=arm-xilinx-eabi-gcc" "ARCHIVER=arm-xilinx-eabi-ar" "COMPILER_FLAGS=  -O2 -c" "EXTRA_COMPILER_FLAGS=-g"
"Running Make include in ps7_cortexa9_0/libsrc/uartps_v3_0/src"
C:/Logiciels/Xilinx/SDK/2015.2/gnuwin/bin/make -C ps7_cortexa9_0/libsrc/uartps_v3_0/src -s include  "SHELL=CMD" "COMPILER=arm-xilinx-eabi-gcc" "ARCHIVER=arm-xilinx-eabi-ar" "COMPILER_FLAGS=  -O2 -c" "EXTRA_COMPILER_FLAGS=-g"
"Running Make include in ps7_cortexa9_0/libsrc/usbps_v2_2/src"
C:/Logiciels/Xilinx/SDK/2015.2/gnuwin/bin/make -C ps7_cortexa9_0/libsrc/usbps_v2_2/src -s include  "SHELL=CMD" "COMPILER=arm-xilinx-eabi-gcc" "ARCHIVER=arm-xilinx-eabi-ar" "COMPILER_FLAGS=  -O2 -c" "EXTRA_COMPILER_FLAGS=-g"
"Running Make include in ps7_cortexa9_0/libsrc/xadcps_v2_2/src"
C:/Logiciels/Xilinx/SDK/2015.2/gnuwin/bin/make -C ps7_cortexa9_0/libsrc/xadcps_v2_2/src -s include  "SHELL=CMD" "COMPILER=arm-xilinx-eabi-gcc" "ARCHIVER=arm-xilinx-eabi-ar" "COMPILER_FLAGS=  -O2 -c" "EXTRA_COMPILER_FLAGS=-g"
"Running Make libs in ps7_cortexa9_0/libsrc/axivdma_v5_1/src"
C:/Logiciels/Xilinx/SDK/2015.2/gnuwin/bin/make -C ps7_cortexa9_0/libsrc/axivdma_v5_1/src -s libs  "SHELL=CMD" "COMPILER=arm-xilinx-eabi-gcc" "ARCHIVER=arm-xilinx-eabi-ar" "COMPILER_FLAGS=  -O2 -c" "EXTRA_COMPILER_FLAGS=-g"
"Compiling axivdma"
arm-xilinx-eabi-ar: creating ../../../lib/libxil.a
"Running Make libs in ps7_cortexa9_0/libsrc/coresightps_dcc_v1_0/src"
C:/Logiciels/Xilinx/SDK/2015.2/gnuwin/bin/make -C ps7_cortexa9_0/libsrc/coresightps_dcc_v1_0/src -s libs  "SHELL=CMD" "COMPILER=arm-xilinx-eabi-gcc" "ARCHIVER=arm-xilinx-eabi-ar" "COMPILER_FLAGS=  -O2 -c" "EXTRA_COMPILER_FLAGS=-g"
"Compiling coresightps_dcc"
"Running Make libs in ps7_cortexa9_0/libsrc/cpu_cortexa9_v2_1/src"
C:/Logiciels/Xilinx/SDK/2015.2/gnuwin/bin/make -C ps7_cortexa9_0/libsrc/cpu_cortexa9_v2_1/src -s libs  "SHELL=CMD" "COMPILER=arm-xilinx-eabi-gcc" "ARCHIVER=arm-xilinx-eabi-ar" "COMPILER_FLAGS=  -O2 -c" "EXTRA_COMPILER_FLAGS=-g"
"Compiling cpu_cortexa9"
"Running Make libs in ps7_cortexa9_0/libsrc/devcfg_v3_3/src"
C:/Logiciels/Xilinx/SDK/2015.2/gnuwin/bin/make -C ps7_cortexa9_0/libsrc/devcfg_v3_3/src -s libs  "SHELL=CMD" "COMPILER=arm-xilinx-eabi-gcc" "ARCHIVER=arm-xilinx-eabi-ar" "COMPILER_FLAGS=  -O2 -c" "EXTRA_COMPILER_FLAGS=-g"
"Compiling devcfg"
"Running Make libs in ps7_cortexa9_0/libsrc/dmaps_v2_1/src"
C:/Logiciels/Xilinx/SDK/2015.2/gnuwin/bin/make -C ps7_cortexa9_0/libsrc/dmaps_v2_1/src -s libs  "SHELL=CMD" "COMPILER=arm-xilinx-eabi-gcc" "ARCHIVER=arm-xilinx-eabi-ar" "COMPILER_FLAGS=  -O2 -c" "EXTRA_COMPILER_FLAGS=-g"
"Compiling dmaps"
"Running Make libs in ps7_cortexa9_0/libsrc/emacps_v3_0/src"
C:/Logiciels/Xilinx/SDK/2015.2/gnuwin/bin/make -C ps7_cortexa9_0/libsrc/emacps_v3_0/src -s libs  "SHELL=CMD" "COMPILER=arm-xilinx-eabi-gcc" "ARCHIVER=arm-xilinx-eabi-ar" "COMPILER_FLAGS=  -O2 -c" "EXTRA_COMPILER_FLAGS=-g"
"Compiling emacps"
"Running Make libs in ps7_cortexa9_0/libsrc/gpiops_v3_0/src"
C:/Logiciels/Xilinx/SDK/2015.2/gnuwin/bin/make -C ps7_cortexa9_0/libsrc/gpiops_v3_0/src -s libs  "SHELL=CMD" "COMPILER=arm-xilinx-eabi-gcc" "ARCHIVER=arm-xilinx-eabi-ar" "COMPILER_FLAGS=  -O2 -c" "EXTRA_COMPILER_FLAGS=-g"
"Compiling gpiops"
"Running Make libs in ps7_cortexa9_0/libsrc/iic_v3_1/src"
C:/Logiciels/Xilinx/SDK/2015.2/gnuwin/bin/make -C ps7_cortexa9_0/libsrc/iic_v3_1/src -s libs  "SHELL=CMD" "COMPILER=arm-xilinx-eabi-gcc" "ARCHIVER=arm-xilinx-eabi-ar" "COMPILER_FLAGS=  -O2 -c" "EXTRA_COMPILER_FLAGS=-g"
"Compiling iic"
"Running Make libs in ps7_cortexa9_0/libsrc/qspips_v3_2/src"
C:/Logiciels/Xilinx/SDK/2015.2/gnuwin/bin/make -C ps7_cortexa9_0/libsrc/qspips_v3_2/src -s libs  "SHELL=CMD" "COMPILER=arm-xilinx-eabi-gcc" "ARCHIVER=arm-xilinx-eabi-ar" "COMPILER_FLAGS=  -O2 -c" "EXTRA_COMPILER_FLAGS=-g"
"Compiling qspips"
"Running Make libs in ps7_cortexa9_0/libsrc/scugic_v3_0/src"
C:/Logiciels/Xilinx/SDK/2015.2/gnuwin/bin/make -C ps7_cortexa9_0/libsrc/scugic_v3_0/src -s libs  "SHELL=CMD" "COMPILER=arm-xilinx-eabi-gcc" "ARCHIVER=arm-xilinx-eabi-ar" "COMPILER_FLAGS=  -O2 -c" "EXTRA_COMPILER_FLAGS=-g"
"Compiling scugic"
"Running Make libs in ps7_cortexa9_0/libsrc/scutimer_v2_1/src"
C:/Logiciels/Xilinx/SDK/2015.2/gnuwin/bin/make -C ps7_cortexa9_0/libsrc/scutimer_v2_1/src -s libs  "SHELL=CMD" "COMPILER=arm-xilinx-eabi-gcc" "ARCHIVER=arm-xilinx-eabi-ar" "COMPILER_FLAGS=  -O2 -c" "EXTRA_COMPILER_FLAGS=-g"
"Compiling scutimer"
"Running Make libs in ps7_cortexa9_0/libsrc/scuwdt_v2_1/src"
C:/Logiciels/Xilinx/SDK/2015.2/gnuwin/bin/make -C ps7_cortexa9_0/libsrc/scuwdt_v2_1/src -s libs  "SHELL=CMD" "COMPILER=arm-xilinx-eabi-gcc" "ARCHIVER=arm-xilinx-eabi-ar" "COMPILER_FLAGS=  -O2 -c" "EXTRA_COMPILER_FLAGS=-g"
"Compiling scuwdt"
"Running Make libs in ps7_cortexa9_0/libsrc/sdps_v2_4/src"
C:/Logiciels/Xilinx/SDK/2015.2/gnuwin/bin/make -C ps7_cortexa9_0/libsrc/sdps_v2_4/src -s libs  "SHELL=CMD" "COMPILER=arm-xilinx-eabi-gcc" "ARCHIVER=arm-xilinx-eabi-ar" "COMPILER_FLAGS=  -O2 -c" "EXTRA_COMPILER_FLAGS=-g"
"Compiling sdps"
"Running Make libs in ps7_cortexa9_0/libsrc/standalone_v5_1/src"
C:/Logiciels/Xilinx/SDK/2015.2/gnuwin/bin/make -C ps7_cortexa9_0/libsrc/standalone_v5_1/src -s libs  "SHELL=CMD" "COMPILER=arm-xilinx-eabi-gcc" "ARCHIVER=arm-xilinx-eabi-ar" "COMPILER_FLAGS=  -O2 -c" "EXTRA_COMPILER_FLAGS=-g"
"Compiling standalone"
"Running Make libs in ps7_cortexa9_0/libsrc/uartps_v3_0/src"
C:/Logiciels/Xilinx/SDK/2015.2/gnuwin/bin/make -C ps7_cortexa9_0/libsrc/uartps_v3_0/src -s libs  "SHELL=CMD" "COMPILER=arm-xilinx-eabi-gcc" "ARCHIVER=arm-xilinx-eabi-ar" "COMPILER_FLAGS=  -O2 -c" "EXTRA_COMPILER_FLAGS=-g"
"Compiling uartps"
"Running Make libs in ps7_cortexa9_0/libsrc/usbps_v2_2/src"
C:/Logiciels/Xilinx/SDK/2015.2/gnuwin/bin/make -C ps7_cortexa9_0/libsrc/usbps_v2_2/src -s libs  "SHELL=CMD" "COMPILER=arm-xilinx-eabi-gcc" "ARCHIVER=arm-xilinx-eabi-ar" "COMPILER_FLAGS=  -O2 -c" "EXTRA_COMPILER_FLAGS=-g"
"Compiling usbps"
"Running Make libs in ps7_cortexa9_0/libsrc/xadcps_v2_2/src"
C:/Logiciels/Xilinx/SDK/2015.2/gnuwin/bin/make -C ps7_cortexa9_0/libsrc/xadcps_v2_2/src -s libs  "SHELL=CMD" "COMPILER=arm-xilinx-eabi-gcc" "ARCHIVER=arm-xilinx-eabi-ar" "COMPILER_FLAGS=  -O2 -c" "EXTRA_COMPILER_FLAGS=-g"
"Compiling xadcps"
'Finished building libraries'

**** Build of configuration Debug for project sw ****

Nothing to build for project sw

****  of configuration Debug for project sw ****

Nothing to build for project sw

****  of configuration Debug for project sw ****

Nothing to build for project sw
14:05:51 **** Auto Build of configuration Debug for project sw ****
make all 
Building file: ../src/cf_hdmi.c
Invoking: ARM gcc compiler
arm-xilinx-eabi-gcc -Wall -O0 -g3 -c -fmessage-length=0 -MT"src/cf_hdmi.o" -I../../sw_bsp/ps7_cortexa9_0/include -MMD -MP -MF"src/cf_hdmi.d" -MT"src/cf_hdmi.d" -o "src/cf_hdmi.o" "../src/cf_hdmi.c"
cygwin warning:
  MS-DOS style path detected: C:\temp\inf3995-02\tp2\tp2Code\tp2Code\adv7511_zed.sdk\sw\Debug
  Preferred POSIX equivalent is: /cygdrive/c/temp/inf3995-02/tp2/tp2Code/tp2Code/adv7511_zed.sdk/sw/Debug
  CYGWIN environment variable option "nodosfilewarning" turns off this warning.
  Consult the user's guide for more details about POSIX paths:
    http://cygwin.com/cygwin-ug-net/using.html#using-pathnames
Finished building: ../src/cf_hdmi.c
 
Building file: ../src/main.c
Invoking: ARM gcc compiler
arm-xilinx-eabi-gcc -Wall -O0 -g3 -c -fmessage-length=0 -MT"src/main.o" -I../../sw_bsp/ps7_cortexa9_0/include -MMD -MP -MF"src/main.d" -MT"src/main.d" -o "src/main.o" "../src/main.c"
cygwin warning:
  MS-DOS style path detected: C:\temp\inf3995-02\tp2\tp2Code\tp2Code\adv7511_zed.sdk\sw\Debug
  Preferred POSIX equivalent is: /cygdrive/c/temp/inf3995-02/tp2/tp2Code/tp2Code/adv7511_zed.sdk/sw/Debug
  CYGWIN environment variable option "nodosfilewarning" turns off this warning.
  Consult the user's guide for more details about POSIX paths:
    http://cygwin.com/cygwin-ug-net/using.html#using-pathnames
In file included from ../src/main.c:46:0:
../../sw_bsp/ps7_cortexa9_0/include/xbasic_types.h:115:2: warning: #warning The xbasics_type.h file is deprecated and users should use xil_types.h and xil_assert. [-Wcpp]
 #warning  The xbasics_type.h file is deprecated and users should use xil_types.h and xil_assert.
  ^
../../sw_bsp/ps7_cortexa9_0/include/xbasic_types.h:116:2: warning: #warning Please refer the Standalone BSP UG647 for further details [-Wcpp]
 #warning  Please refer the Standalone BSP UG647 for further details
  ^
../src/main.c:49:26: fatal error: atv_platform.h: No such file or directory
 #include "atv_platform.h"
                          ^
compilation terminated.
make: *** [src/main.o] Erreur 1
14:06:56 **** Auto Build of configuration Debug for project sw ****
make all 
Building file: ../src/main.c
Invoking: ARM gcc compiler
arm-xilinx-eabi-gcc -Wall -O0 -g3 -c -fmessage-length=0 -MT"src/main.o" -I../../sw_bsp/ps7_cortexa9_0/include -MMD -MP -MF"src/main.d" -MT"src/main.d" -o "src/main.o" "../src/main.c"
cygwin warning:
  MS-DOS style path detected: C:\temp\inf3995-02\tp2\tp2Code\tp2Code\adv7511_zed.sdk\sw\Debug
  Preferred POSIX equivalent is: /cygdrive/c/temp/inf3995-02/tp2/tp2Code/tp2Code/adv7511_zed.sdk/sw/Debug
  CYGWIN environment variable option "nodosfilewarning" turns off this warning.
  Consult the user's guide for more details about POSIX paths:
    http://cygwin.com/cygwin-ug-net/using.html#using-pathnames
In file included from ../src/main.c:46:0:
../../sw_bsp/ps7_cortexa9_0/include/xbasic_types.h:115:2: warning: #warning The xbasics_type.h file is deprecated and users should use xil_types.h and xil_assert. [-Wcpp]
 #warning  The xbasics_type.h file is deprecated and users should use xil_types.h and xil_assert.
  ^
../../sw_bsp/ps7_cortexa9_0/include/xbasic_types.h:116:2: warning: #warning Please refer the Standalone BSP UG647 for further details [-Wcpp]
 #warning  Please refer the Standalone BSP UG647 for further details
  ^
../src/main.c:49:26: fatal error: atv_platform.h: No such file or directory
 #include "atv_platform.h"
                          ^
compilation terminated.
make: *** [src/main.o] Erreur 1
14:07:34 **** Auto Build of configuration Debug for project sw ****
make all 
Building file: ../src/main.c
Invoking: ARM gcc compiler
arm-xilinx-eabi-gcc -Wall -O0 -g3 -c -fmessage-length=0 -MT"src/main.o" -I../../sw_bsp/ps7_cortexa9_0/include -MMD -MP -MF"src/main.d" -MT"src/main.d" -o "src/main.o" "../src/main.c"
cygwin warning:
  MS-DOS style path detected: C:\temp\inf3995-02\tp2\tp2Code\tp2Code\adv7511_zed.sdk\sw\Debug
  Preferred POSIX equivalent is: /cygdrive/c/temp/inf3995-02/tp2/tp2Code/tp2Code/adv7511_zed.sdk/sw/Debug
  CYGWIN environment variable option "nodosfilewarning" turns off this warning.
  Consult the user's guide for more details about POSIX paths:
    http://cygwin.com/cygwin-ug-net/using.html#using-pathnames
In file included from ../src/main.c:46:0:
../../sw_bsp/ps7_cortexa9_0/include/xbasic_types.h:115:2: warning: #warning The xbasics_type.h file is deprecated and users should use xil_types.h and xil_assert. [-Wcpp]
 #warning  The xbasics_type.h file is deprecated and users should use xil_types.h and xil_assert.
  ^
../../sw_bsp/ps7_cortexa9_0/include/xbasic_types.h:116:2: warning: #warning Please refer the Standalone BSP UG647 for further details [-Wcpp]
 #warning  Please refer the Standalone BSP UG647 for further details
  ^
../src/main.c:49:26: fatal error: atv_platform.h: No such file or directory
 #include "atv_platform.h"
                          ^
compilation terminated.
make: *** [src/main.o] Erreur 1
14:09:10 **** Clean-only build of configuration Debug for project sw ****
make clean 
rm -rf  ./src/cf_hdmi.o ./src/main.o ./src/transmitter.o  ./src/cf_hdmi.d ./src/main.d ./src/transmitter.d  sw.elf.size  sw.elf
 
14:09:10 **** Auto Build of configuration Debug for project sw ****
make all 
Building file: ../src/cf_hdmi.c
Invoking: ARM gcc compiler
arm-xilinx-eabi-gcc -Wall -O0 -g3 -I"C:\temp\inf3995-02\tp2\tp2Code\tp2Code\adv7511_zed.sdk\sw\inc" -c -fmessage-length=0 -MT"src/cf_hdmi.o" -I../../sw_bsp/ps7_cortexa9_0/include -MMD -MP -MF"src/cf_hdmi.d" -MT"src/cf_hdmi.d" -o "src/cf_hdmi.o" "../src/cf_hdmi.c"
cygwin warning:
  MS-DOS style path detected: C:\temp\inf3995-02\tp2\tp2Code\tp2Code\adv7511_zed.sdk\sw\Debug
  Preferred POSIX equivalent is: /cygdrive/c/temp/inf3995-02/tp2/tp2Code/tp2Code/adv7511_zed.sdk/sw/Debug
  CYGWIN environment variable option "nodosfilewarning" turns off this warning.
  Consult the user's guide for more details about POSIX paths:
    http://cygwin.com/cygwin-ug-net/using.html#using-pathnames
Finished building: ../src/cf_hdmi.c
 
Building file: ../src/main.c
Invoking: ARM gcc compiler
arm-xilinx-eabi-gcc -Wall -O0 -g3 -I"C:\temp\inf3995-02\tp2\tp2Code\tp2Code\adv7511_zed.sdk\sw\inc" -c -fmessage-length=0 -MT"src/main.o" -I../../sw_bsp/ps7_cortexa9_0/include -MMD -MP -MF"src/main.d" -MT"src/main.d" -o "src/main.o" "../src/main.c"
cygwin warning:
  MS-DOS style path detected: C:\temp\inf3995-02\tp2\tp2Code\tp2Code\adv7511_zed.sdk\sw\Debug
  Preferred POSIX equivalent is: /cygdrive/c/temp/inf3995-02/tp2/tp2Code/tp2Code/adv7511_zed.sdk/sw/Debug
  CYGWIN environment variable option "nodosfilewarning" turns off this warning.
  Consult the user's guide for more details about POSIX paths:
    http://cygwin.com/cygwin-ug-net/using.html#using-pathnames
In file included from ../src/main.c:46:0:
../../sw_bsp/ps7_cortexa9_0/include/xbasic_types.h:115:2: warning: #warning The xbasics_type.h file is deprecated and users should use xil_types.h and xil_assert. [-Wcpp]
 #warning  The xbasics_type.h file is deprecated and users should use xil_types.h and xil_assert.
  ^
../../sw_bsp/ps7_cortexa9_0/include/xbasic_types.h:116:2: warning: #warning Please refer the Standalone BSP UG647 for further details [-Wcpp]
 #warning  Please refer the Standalone BSP UG647 for further details
  ^
Finished building: ../src/main.c
 
Building file: ../src/transmitter.c
Invoking: ARM gcc compiler
arm-xilinx-eabi-gcc -Wall -O0 -g3 -I"C:\temp\inf3995-02\tp2\tp2Code\tp2Code\adv7511_zed.sdk\sw\inc" -c -fmessage-length=0 -MT"src/transmitter.o" -I../../sw_bsp/ps7_cortexa9_0/include -MMD -MP -MF"src/transmitter.d" -MT"src/transmitter.d" -o "src/transmitter.o" "../src/transmitter.c"
cygwin warning:
  MS-DOS style path detected: C:\temp\inf3995-02\tp2\tp2Code\tp2Code\adv7511_zed.sdk\sw\Debug
  Preferred POSIX equivalent is: /cygdrive/c/temp/inf3995-02/tp2/tp2Code/tp2Code/adv7511_zed.sdk/sw/Debug
  CYGWIN environment variable option "nodosfilewarning" turns off this warning.
  Consult the user's guide for more details about POSIX paths:
    http://cygwin.com/cygwin-ug-net/using.html#using-pathnames
Finished building: ../src/transmitter.c
 
Building target: sw.elf
Invoking: ARM gcc linker
arm-xilinx-eabi-gcc -Wl,-T -Wl,../src/lscript.ld -L../../sw_bsp/ps7_cortexa9_0/lib -o "sw.elf"  ./src/cf_hdmi.o ./src/main.o ./src/transmitter.o   -Wl,--start-group,-lxil,-lgcc,-lc,--end-group
cygwin warning:
  MS-DOS style path detected: C:\temp\inf3995-02\tp2\tp2Code\tp2Code\adv7511_zed.sdk\sw\Debug
  Preferred POSIX equivalent is: /cygdrive/c/temp/inf3995-02/tp2/tp2Code/tp2Code/adv7511_zed.sdk/sw/Debug
  CYGWIN environment variable option "nodosfilewarning" turns off this warning.
  Consult the user's guide for more details about POSIX paths:
    http://cygwin.com/cygwin-ug-net/using.html#using-pathnames
./src/main.o: In function `APP_DriverEnabled':
C:\temp\inf3995-02\tp2\tp2Code\tp2Code\adv7511_zed.sdk\sw\Debug/../src/main.c:90: undefined reference to `HAL_GetMBSwitchState'
C:\temp\inf3995-02\tp2\tp2Code\tp2Code\adv7511_zed.sdk\sw\Debug/../src/main.c:92: undefined reference to `HAL_GetMBSwitchState'
./src/main.o: In function `APP_PrintRevisions':
C:\temp\inf3995-02\tp2\tp2Code\tp2Code\adv7511_zed.sdk\sw\Debug/../src/main.c:107: undefined reference to `ADIAPI_TxGetChipRevision'
./src/main.o: In function `main':
C:\temp\inf3995-02\tp2\tp2Code\tp2Code\adv7511_zed.sdk\sw\Debug/../src/main.c:169: undefined reference to `HAL_PlatformInit'
C:\temp\inf3995-02\tp2\tp2Code\tp2Code\adv7511_zed.sdk\sw\Debug/../src/main.c:190: undefined reference to `HAL_GetCurrentMsCount'
C:\temp\inf3995-02\tp2\tp2Code\tp2Code\adv7511_zed.sdk\sw\Debug/../src/main.c:194: undefined reference to `ATV_GetElapsedMs'
C:\temp\inf3995-02\tp2\tp2Code\tp2Code\adv7511_zed.sdk\sw\Debug/../src/main.c:196: undefined reference to `HAL_GetCurrentMsCount'
./src/transmitter.o: In function `TRANSMITTER_HardwareInit':
C:\temp\inf3995-02\tp2\tp2Code\tp2Code\adv7511_zed.sdk\sw\Debug/../src/transmitter.c:135: undefined reference to `ADIAPI_TxInit'
C:\temp\inf3995-02\tp2\tp2Code\tp2Code\adv7511_zed.sdk\sw\Debug/../src/transmitter.c:138: undefined reference to `ADIAPI_TxEnableTmds'
C:\temp\inf3995-02\tp2\tp2Code\tp2Code\adv7511_zed.sdk\sw\Debug/../src/transmitter.c:141: undefined reference to `ADIAPI_TxSetAvmute'
C:\temp\inf3995-02\tp2\tp2Code\tp2Code\adv7511_zed.sdk\sw\Debug/../src/transmitter.c:145: undefined reference to `ADIAPI_TxSetOutputMode'
C:\temp\inf3995-02\tp2\tp2Code\tp2Code\adv7511_zed.sdk\sw\Debug/../src/transmitter.c:148: undefined reference to `ADIAPI_TxSetInputPixelFormat'
C:\temp\inf3995-02\tp2\tp2Code\tp2Code\adv7511_zed.sdk\sw\Debug/../src/transmitter.c:156: undefined reference to `ADIAPI_TxSetOutputPixelFormat'
C:\temp\inf3995-02\tp2\tp2Code\tp2Code\adv7511_zed.sdk\sw\Debug/../src/transmitter.c:160: undefined reference to `ADIAPI_TxSetCSC'
C:\temp\inf3995-02\tp2\tp2Code\tp2Code\adv7511_zed.sdk\sw\Debug/../src/transmitter.c:164: undefined reference to `ADIAPI_TxSetAudioInterface'
C:\temp\inf3995-02\tp2\tp2Code\tp2Code\adv7511_zed.sdk\sw\Debug/../src/transmitter.c:169: undefined reference to `ADIAPI_TxSetEnabledEvents'
C:\temp\inf3995-02\tp2\tp2Code\tp2Code\adv7511_zed.sdk\sw\Debug/../src/transmitter.c:170: undefined reference to `ADIAPI_TxSetEnabledEvents'
C:\temp\inf3995-02\tp2\tp2Code\tp2Code\adv7511_zed.sdk\sw\Debug/../src/transmitter.c:176: undefined reference to `ADIAPI_TxEnablePackets'
./src/transmitter.o: In function `ADIAPI_TransmitterGetDetectedMode':
C:\temp\inf3995-02\tp2\tp2Code\tp2Code\adv7511_zed.sdk\sw\Debug/../src/transmitter.c:206: undefined reference to `ADIAPI_TxGetHpdMsenState'
./src/transmitter.o: In function `TRANSMITTER_MonitorAvrMode':
C:\temp\inf3995-02\tp2\tp2Code\tp2Code\adv7511_zed.sdk\sw\Debug/../src/transmitter.c:294: undefined reference to `ATV_GetMsCountNZ'
C:\temp\inf3995-02\tp2\tp2Code\tp2Code\adv7511_zed.sdk\sw\Debug/../src/transmitter.c:298: undefined reference to `ATV_GetElapsedMs'
./src/transmitter.o: In function `ADIAPI_TransmitterMain':
C:\temp\inf3995-02\tp2\tp2Code\tp2Code\adv7511_zed.sdk\sw\Debug/../src/transmitter.c:320: undefined reference to `ATV_GetElapsedMs'
C:\temp\inf3995-02\tp2\tp2Code\tp2Code\adv7511_zed.sdk\sw\Debug/../src/transmitter.c:324: undefined reference to `HAL_GetCurrentMsCount'
C:\temp\inf3995-02\tp2\tp2Code\tp2Code\adv7511_zed.sdk\sw\Debug/../src/transmitter.c:327: undefined reference to `ADIAPI_TxIntPending'
C:\temp\inf3995-02\tp2\tp2Code\tp2Code\adv7511_zed.sdk\sw\Debug/../src/transmitter.c:329: undefined reference to `ADIAPI_TxIsr'
./src/transmitter.o: In function `ADIAPI_TransmitterSetMuteState':
C:\temp\inf3995-02\tp2\tp2Code\tp2Code\adv7511_zed.sdk\sw\Debug/../src/transmitter.c:368: undefined reference to `ADIAPI_TxMuteAudio'
C:\temp\inf3995-02\tp2\tp2Code\tp2Code\adv7511_zed.sdk\sw\Debug/../src/transmitter.c:369: undefined reference to `ADIAPI_TxMuteVideo'
C:\temp\inf3995-02\tp2\tp2Code\tp2Code\adv7511_zed.sdk\sw\Debug/../src/transmitter.c:374: undefined reference to `ADIAPI_TxMuteAudio'
C:\temp\inf3995-02\tp2\tp2Code\tp2Code\adv7511_zed.sdk\sw\Debug/../src/transmitter.c:375: undefined reference to `ADIAPI_TxMuteVideo'
./src/transmitter.o: In function `TRANSMITTER_NewEdidSegment':
C:\temp\inf3995-02\tp2\tp2Code\tp2Code\adv7511_zed.sdk\sw\Debug/../src/transmitter.c:471: undefined reference to `ADIAPI_TxSetOutputMode'
C:\temp\inf3995-02\tp2\tp2Code\tp2Code\adv7511_zed.sdk\sw\Debug/../src/transmitter.c:476: undefined reference to `ADIAPI_TxSetOutputMode'
C:\temp\inf3995-02\tp2\tp2Code\tp2Code\adv7511_zed.sdk\sw\Debug/../src/transmitter.c:510: undefined reference to `ADIAPI_MwEdidEnableDebugMsg'
C:\temp\inf3995-02\tp2\tp2Code\tp2Code\adv7511_zed.sdk\sw\Debug/../src/transmitter.c:511: undefined reference to `ADIAPI_MwEdidParse'
collect2.exe: error: ld returned 1 exit status
make: *** [sw.elf] Erreur 1
14:09:16 **** Auto Build of configuration Debug for project sw ****
make all 
Building target: sw.elf
Invoking: ARM gcc linker
arm-xilinx-eabi-gcc -Wl,-T -Wl,../src/lscript.ld -L../../sw_bsp/ps7_cortexa9_0/lib -o "sw.elf"  ./src/cf_hdmi.o ./src/main.o ./src/transmitter.o   -Wl,--start-group,-lxil,-lgcc,-lc,--end-group
cygwin warning:
  MS-DOS style path detected: C:\temp\inf3995-02\tp2\tp2Code\tp2Code\adv7511_zed.sdk\sw\Debug
  Preferred POSIX equivalent is: /cygdrive/c/temp/inf3995-02/tp2/tp2Code/tp2Code/adv7511_zed.sdk/sw/Debug
  CYGWIN environment variable option "nodosfilewarning" turns off this warning.
  Consult the user's guide for more details about POSIX paths:
    http://cygwin.com/cygwin-ug-net/using.html#using-pathnames
./src/main.o: In function `APP_DriverEnabled':
C:\temp\inf3995-02\tp2\tp2Code\tp2Code\adv7511_zed.sdk\sw\Debug/../src/main.c:90: undefined reference to `HAL_GetMBSwitchState'
C:\temp\inf3995-02\tp2\tp2Code\tp2Code\adv7511_zed.sdk\sw\Debug/../src/main.c:92: undefined reference to `HAL_GetMBSwitchState'
./src/main.o: In function `APP_PrintRevisions':
C:\temp\inf3995-02\tp2\tp2Code\tp2Code\adv7511_zed.sdk\sw\Debug/../src/main.c:107: undefined reference to `ADIAPI_TxGetChipRevision'
./src/main.o: In function `main':
C:\temp\inf3995-02\tp2\tp2Code\tp2Code\adv7511_zed.sdk\sw\Debug/../src/main.c:169: undefined reference to `HAL_PlatformInit'
C:\temp\inf3995-02\tp2\tp2Code\tp2Code\adv7511_zed.sdk\sw\Debug/../src/main.c:190: undefined reference to `HAL_GetCurrentMsCount'
C:\temp\inf3995-02\tp2\tp2Code\tp2Code\adv7511_zed.sdk\sw\Debug/../src/main.c:194: undefined reference to `ATV_GetElapsedMs'
C:\temp\inf3995-02\tp2\tp2Code\tp2Code\adv7511_zed.sdk\sw\Debug/../src/main.c:196: undefined reference to `HAL_GetCurrentMsCount'
./src/transmitter.o: In function `TRANSMITTER_HardwareInit':
C:\temp\inf3995-02\tp2\tp2Code\tp2Code\adv7511_zed.sdk\sw\Debug/../src/transmitter.c:135: undefined reference to `ADIAPI_TxInit'
C:\temp\inf3995-02\tp2\tp2Code\tp2Code\adv7511_zed.sdk\sw\Debug/../src/transmitter.c:138: undefined reference to `ADIAPI_TxEnableTmds'
C:\temp\inf3995-02\tp2\tp2Code\tp2Code\adv7511_zed.sdk\sw\Debug/../src/transmitter.c:141: undefined reference to `ADIAPI_TxSetAvmute'
C:\temp\inf3995-02\tp2\tp2Code\tp2Code\adv7511_zed.sdk\sw\Debug/../src/transmitter.c:145: undefined reference to `ADIAPI_TxSetOutputMode'
C:\temp\inf3995-02\tp2\tp2Code\tp2Code\adv7511_zed.sdk\sw\Debug/../src/transmitter.c:148: undefined reference to `ADIAPI_TxSetInputPixelFormat'
C:\temp\inf3995-02\tp2\tp2Code\tp2Code\adv7511_zed.sdk\sw\Debug/../src/transmitter.c:156: undefined reference to `ADIAPI_TxSetOutputPixelFormat'
C:\temp\inf3995-02\tp2\tp2Code\tp2Code\adv7511_zed.sdk\sw\Debug/../src/transmitter.c:160: undefined reference to `ADIAPI_TxSetCSC'
C:\temp\inf3995-02\tp2\tp2Code\tp2Code\adv7511_zed.sdk\sw\Debug/../src/transmitter.c:164: undefined reference to `ADIAPI_TxSetAudioInterface'
C:\temp\inf3995-02\tp2\tp2Code\tp2Code\adv7511_zed.sdk\sw\Debug/../src/transmitter.c:169: undefined reference to `ADIAPI_TxSetEnabledEvents'
C:\temp\inf3995-02\tp2\tp2Code\tp2Code\adv7511_zed.sdk\sw\Debug/../src/transmitter.c:170: undefined reference to `ADIAPI_TxSetEnabledEvents'
C:\temp\inf3995-02\tp2\tp2Code\tp2Code\adv7511_zed.sdk\sw\Debug/../src/transmitter.c:176: undefined reference to `ADIAPI_TxEnablePackets'
./src/transmitter.o: In function `ADIAPI_TransmitterGetDetectedMode':
C:\temp\inf3995-02\tp2\tp2Code\tp2Code\adv7511_zed.sdk\sw\Debug/../src/transmitter.c:206: undefined reference to `ADIAPI_TxGetHpdMsenState'
./src/transmitter.o: In function `TRANSMITTER_MonitorAvrMode':
C:\temp\inf3995-02\tp2\tp2Code\tp2Code\adv7511_zed.sdk\sw\Debug/../src/transmitter.c:294: undefined reference to `ATV_GetMsCountNZ'
C:\temp\inf3995-02\tp2\tp2Code\tp2Code\adv7511_zed.sdk\sw\Debug/../src/transmitter.c:298: undefined reference to `ATV_GetElapsedMs'
./src/transmitter.o: In function `ADIAPI_TransmitterMain':
C:\temp\inf3995-02\tp2\tp2Code\tp2Code\adv7511_zed.sdk\sw\Debug/../src/transmitter.c:320: undefined reference to `ATV_GetElapsedMs'
C:\temp\inf3995-02\tp2\tp2Code\tp2Code\adv7511_zed.sdk\sw\Debug/../src/transmitter.c:324: undefined reference to `HAL_GetCurrentMsCount'
C:\temp\inf3995-02\tp2\tp2Code\tp2Code\adv7511_zed.sdk\sw\Debug/../src/transmitter.c:327: undefined reference to `ADIAPI_TxIntPending'
C:\temp\inf3995-02\tp2\tp2Code\tp2Code\adv7511_zed.sdk\sw\Debug/../src/transmitter.c:329: undefined reference to `ADIAPI_TxIsr'
./src/transmitter.o: In function `ADIAPI_TransmitterSetMuteState':
C:\temp\inf3995-02\tp2\tp2Code\tp2Code\adv7511_zed.sdk\sw\Debug/../src/transmitter.c:368: undefined reference to `ADIAPI_TxMuteAudio'
C:\temp\inf3995-02\tp2\tp2Code\tp2Code\adv7511_zed.sdk\sw\Debug/../src/transmitter.c:369: undefined reference to `ADIAPI_TxMuteVideo'
C:\temp\inf3995-02\tp2\tp2Code\tp2Code\adv7511_zed.sdk\sw\Debug/../src/transmitter.c:374: undefined reference to `ADIAPI_TxMuteAudio'
C:\temp\inf3995-02\tp2\tp2Code\tp2Code\adv7511_zed.sdk\sw\Debug/../src/transmitter.c:375: undefined reference to `ADIAPI_TxMuteVideo'
./src/transmitter.o: In function `TRANSMITTER_NewEdidSegment':
C:\temp\inf3995-02\tp2\tp2Code\tp2Code\adv7511_zed.sdk\sw\Debug/../src/transmitter.c:471: undefined reference to `ADIAPI_TxSetOutputMode'
C:\temp\inf3995-02\tp2\tp2Code\tp2Code\adv7511_zed.sdk\sw\Debug/../src/transmitter.c:476: undefined reference to `ADIAPI_TxSetOutputMode'
C:\temp\inf3995-02\tp2\tp2Code\tp2Code\adv7511_zed.sdk\sw\Debug/../src/transmitter.c:510: undefined reference to `ADIAPI_MwEdidEnableDebugMsg'
C:\temp\inf3995-02\tp2\tp2Code\tp2Code\adv7511_zed.sdk\sw\Debug/../src/transmitter.c:511: undefined reference to `ADIAPI_MwEdidParse'
collect2.exe: error: ld returned 1 exit status
make: *** [sw.elf] Erreur 1
14:09:28 **** Clean-only build of configuration Debug for project sw ****
make clean 
rm -rf  ./src/cf_hdmi.o ./src/main.o ./src/transmitter.o  ./src/cf_hdmi.d ./src/main.d ./src/transmitter.d  sw.elf.size  sw.elf
 
14:09:28 **** Auto Build of configuration Debug for project sw ****
make all 
Building file: ../src/cf_hdmi.c
Invoking: ARM gcc compiler
arm-xilinx-eabi-gcc -Wall -O0 -g3 -I"C:\temp\inf3995-02\tp2\tp2Code\tp2Code\adv7511_zed.sdk\sw\inc" -c -fmessage-length=0 -MT"src/cf_hdmi.o" -I../../sw_bsp/ps7_cortexa9_0/include -MMD -MP -MF"src/cf_hdmi.d" -MT"src/cf_hdmi.d" -o "src/cf_hdmi.o" "../src/cf_hdmi.c"
cygwin warning:
  MS-DOS style path detected: C:\temp\inf3995-02\tp2\tp2Code\tp2Code\adv7511_zed.sdk\sw\Debug
  Preferred POSIX equivalent is: /cygdrive/c/temp/inf3995-02/tp2/tp2Code/tp2Code/adv7511_zed.sdk/sw/Debug
  CYGWIN environment variable option "nodosfilewarning" turns off this warning.
  Consult the user's guide for more details about POSIX paths:
    http://cygwin.com/cygwin-ug-net/using.html#using-pathnames
Finished building: ../src/cf_hdmi.c
 
Building file: ../src/main.c
Invoking: ARM gcc compiler
arm-xilinx-eabi-gcc -Wall -O0 -g3 -I"C:\temp\inf3995-02\tp2\tp2Code\tp2Code\adv7511_zed.sdk\sw\inc" -c -fmessage-length=0 -MT"src/main.o" -I../../sw_bsp/ps7_cortexa9_0/include -MMD -MP -MF"src/main.d" -MT"src/main.d" -o "src/main.o" "../src/main.c"
cygwin warning:
  MS-DOS style path detected: C:\temp\inf3995-02\tp2\tp2Code\tp2Code\adv7511_zed.sdk\sw\Debug
  Preferred POSIX equivalent is: /cygdrive/c/temp/inf3995-02/tp2/tp2Code/tp2Code/adv7511_zed.sdk/sw/Debug
  CYGWIN environment variable option "nodosfilewarning" turns off this warning.
  Consult the user's guide for more details about POSIX paths:
    http://cygwin.com/cygwin-ug-net/using.html#using-pathnames
In file included from ../src/main.c:46:0:
../../sw_bsp/ps7_cortexa9_0/include/xbasic_types.h:115:2: warning: #warning The xbasics_type.h file is deprecated and users should use xil_types.h and xil_assert. [-Wcpp]
 #warning  The xbasics_type.h file is deprecated and users should use xil_types.h and xil_assert.
  ^
../../sw_bsp/ps7_cortexa9_0/include/xbasic_types.h:116:2: warning: #warning Please refer the Standalone BSP UG647 for further details [-Wcpp]
 #warning  Please refer the Standalone BSP UG647 for further details
  ^
Finished building: ../src/main.c
 
Building file: ../src/transmitter.c
Invoking: ARM gcc compiler
arm-xilinx-eabi-gcc -Wall -O0 -g3 -I"C:\temp\inf3995-02\tp2\tp2Code\tp2Code\adv7511_zed.sdk\sw\inc" -c -fmessage-length=0 -MT"src/transmitter.o" -I../../sw_bsp/ps7_cortexa9_0/include -MMD -MP -MF"src/transmitter.d" -MT"src/transmitter.d" -o "src/transmitter.o" "../src/transmitter.c"
cygwin warning:
  MS-DOS style path detected: C:\temp\inf3995-02\tp2\tp2Code\tp2Code\adv7511_zed.sdk\sw\Debug
  Preferred POSIX equivalent is: /cygdrive/c/temp/inf3995-02/tp2/tp2Code/tp2Code/adv7511_zed.sdk/sw/Debug
  CYGWIN environment variable option "nodosfilewarning" turns off this warning.
  Consult the user's guide for more details about POSIX paths:
    http://cygwin.com/cygwin-ug-net/using.html#using-pathnames
Finished building: ../src/transmitter.c
 
Building target: sw.elf
Invoking: ARM gcc linker
arm-xilinx-eabi-gcc -Wl,-T -Wl,../src/lscript.ld -L../../sw_bsp/ps7_cortexa9_0/lib -o "sw.elf"  ./src/cf_hdmi.o ./src/main.o ./src/transmitter.o   -Wl,--start-group,-lxil,-lgcc,-lc,--end-group
cygwin warning:
  MS-DOS style path detected: C:\temp\inf3995-02\tp2\tp2Code\tp2Code\adv7511_zed.sdk\sw\Debug
  Preferred POSIX equivalent is: /cygdrive/c/temp/inf3995-02/tp2/tp2Code/tp2Code/adv7511_zed.sdk/sw/Debug
  CYGWIN environment variable option "nodosfilewarning" turns off this warning.
  Consult the user's guide for more details about POSIX paths:
    http://cygwin.com/cygwin-ug-net/using.html#using-pathnames
./src/main.o: In function `APP_DriverEnabled':
C:\temp\inf3995-02\tp2\tp2Code\tp2Code\adv7511_zed.sdk\sw\Debug/../src/main.c:90: undefined reference to `HAL_GetMBSwitchState'
C:\temp\inf3995-02\tp2\tp2Code\tp2Code\adv7511_zed.sdk\sw\Debug/../src/main.c:92: undefined reference to `HAL_GetMBSwitchState'
./src/main.o: In function `APP_PrintRevisions':
C:\temp\inf3995-02\tp2\tp2Code\tp2Code\adv7511_zed.sdk\sw\Debug/../src/main.c:107: undefined reference to `ADIAPI_TxGetChipRevision'
./src/main.o: In function `main':
C:\temp\inf3995-02\tp2\tp2Code\tp2Code\adv7511_zed.sdk\sw\Debug/../src/main.c:169: undefined reference to `HAL_PlatformInit'
C:\temp\inf3995-02\tp2\tp2Code\tp2Code\adv7511_zed.sdk\sw\Debug/../src/main.c:190: undefined reference to `HAL_GetCurrentMsCount'
C:\temp\inf3995-02\tp2\tp2Code\tp2Code\adv7511_zed.sdk\sw\Debug/../src/main.c:194: undefined reference to `ATV_GetElapsedMs'
C:\temp\inf3995-02\tp2\tp2Code\tp2Code\adv7511_zed.sdk\sw\Debug/../src/main.c:196: undefined reference to `HAL_GetCurrentMsCount'
./src/transmitter.o: In function `TRANSMITTER_HardwareInit':
C:\temp\inf3995-02\tp2\tp2Code\tp2Code\adv7511_zed.sdk\sw\Debug/../src/transmitter.c:135: undefined reference to `ADIAPI_TxInit'
C:\temp\inf3995-02\tp2\tp2Code\tp2Code\adv7511_zed.sdk\sw\Debug/../src/transmitter.c:138: undefined reference to `ADIAPI_TxEnableTmds'
C:\temp\inf3995-02\tp2\tp2Code\tp2Code\adv7511_zed.sdk\sw\Debug/../src/transmitter.c:141: undefined reference to `ADIAPI_TxSetAvmute'
C:\temp\inf3995-02\tp2\tp2Code\tp2Code\adv7511_zed.sdk\sw\Debug/../src/transmitter.c:145: undefined reference to `ADIAPI_TxSetOutputMode'
C:\temp\inf3995-02\tp2\tp2Code\tp2Code\adv7511_zed.sdk\sw\Debug/../src/transmitter.c:148: undefined reference to `ADIAPI_TxSetInputPixelFormat'
C:\temp\inf3995-02\tp2\tp2Code\tp2Code\adv7511_zed.sdk\sw\Debug/../src/transmitter.c:156: undefined reference to `ADIAPI_TxSetOutputPixelFormat'
C:\temp\inf3995-02\tp2\tp2Code\tp2Code\adv7511_zed.sdk\sw\Debug/../src/transmitter.c:160: undefined reference to `ADIAPI_TxSetCSC'
C:\temp\inf3995-02\tp2\tp2Code\tp2Code\adv7511_zed.sdk\sw\Debug/../src/transmitter.c:164: undefined reference to `ADIAPI_TxSetAudioInterface'
C:\temp\inf3995-02\tp2\tp2Code\tp2Code\adv7511_zed.sdk\sw\Debug/../src/transmitter.c:169: undefined reference to `ADIAPI_TxSetEnabledEvents'
C:\temp\inf3995-02\tp2\tp2Code\tp2Code\adv7511_zed.sdk\sw\Debug/../src/transmitter.c:170: undefined reference to `ADIAPI_TxSetEnabledEvents'
C:\temp\inf3995-02\tp2\tp2Code\tp2Code\adv7511_zed.sdk\sw\Debug/../src/transmitter.c:176: undefined reference to `ADIAPI_TxEnablePackets'
./src/transmitter.o: In function `ADIAPI_TransmitterGetDetectedMode':
C:\temp\inf3995-02\tp2\tp2Code\tp2Code\adv7511_zed.sdk\sw\Debug/../src/transmitter.c:206: undefined reference to `ADIAPI_TxGetHpdMsenState'
./src/transmitter.o: In function `TRANSMITTER_MonitorAvrMode':
C:\temp\inf3995-02\tp2\tp2Code\tp2Code\adv7511_zed.sdk\sw\Debug/../src/transmitter.c:294: undefined reference to `ATV_GetMsCountNZ'
C:\temp\inf3995-02\tp2\tp2Code\tp2Code\adv7511_zed.sdk\sw\Debug/../src/transmitter.c:298: undefined reference to `ATV_GetElapsedMs'
./src/transmitter.o: In function `ADIAPI_TransmitterMain':
C:\temp\inf3995-02\tp2\tp2Code\tp2Code\adv7511_zed.sdk\sw\Debug/../src/transmitter.c:320: undefined reference to `ATV_GetElapsedMs'
C:\temp\inf3995-02\tp2\tp2Code\tp2Code\adv7511_zed.sdk\sw\Debug/../src/transmitter.c:324: undefined reference to `HAL_GetCurrentMsCount'
C:\temp\inf3995-02\tp2\tp2Code\tp2Code\adv7511_zed.sdk\sw\Debug/../src/transmitter.c:327: undefined reference to `ADIAPI_TxIntPending'
C:\temp\inf3995-02\tp2\tp2Code\tp2Code\adv7511_zed.sdk\sw\Debug/../src/transmitter.c:329: undefined reference to `ADIAPI_TxIsr'
./src/transmitter.o: In function `ADIAPI_TransmitterSetMuteState':
C:\temp\inf3995-02\tp2\tp2Code\tp2Code\adv7511_zed.sdk\sw\Debug/../src/transmitter.c:368: undefined reference to `ADIAPI_TxMuteAudio'
C:\temp\inf3995-02\tp2\tp2Code\tp2Code\adv7511_zed.sdk\sw\Debug/../src/transmitter.c:369: undefined reference to `ADIAPI_TxMuteVideo'
C:\temp\inf3995-02\tp2\tp2Code\tp2Code\adv7511_zed.sdk\sw\Debug/../src/transmitter.c:374: undefined reference to `ADIAPI_TxMuteAudio'
C:\temp\inf3995-02\tp2\tp2Code\tp2Code\adv7511_zed.sdk\sw\Debug/../src/transmitter.c:375: undefined reference to `ADIAPI_TxMuteVideo'
./src/transmitter.o: In function `TRANSMITTER_NewEdidSegment':
C:\temp\inf3995-02\tp2\tp2Code\tp2Code\adv7511_zed.sdk\sw\Debug/../src/transmitter.c:471: undefined reference to `ADIAPI_TxSetOutputMode'
C:\temp\inf3995-02\tp2\tp2Code\tp2Code\adv7511_zed.sdk\sw\Debug/../src/transmitter.c:476: undefined reference to `ADIAPI_TxSetOutputMode'
C:\temp\inf3995-02\tp2\tp2Code\tp2Code\adv7511_zed.sdk\sw\Debug/../src/transmitter.c:510: undefined reference to `ADIAPI_MwEdidEnableDebugMsg'
C:\temp\inf3995-02\tp2\tp2Code\tp2Code\adv7511_zed.sdk\sw\Debug/../src/transmitter.c:511: undefined reference to `ADIAPI_MwEdidParse'
collect2.exe: error: ld returned 1 exit status
make: *** [sw.elf] Erreur 1
14:09:39 **** Clean-only build of configuration Debug for project sw ****
make clean 
rm -rf  ./src/cf_hdmi.o ./src/main.o ./src/transmitter.o  ./src/cf_hdmi.d ./src/main.d ./src/transmitter.d  sw.elf.size  sw.elf
 
14:09:39 **** Auto Build of configuration Debug for project sw ****
make all 
Building file: ../src/cf_hdmi.c
Invoking: ARM gcc compiler
arm-xilinx-eabi-gcc -Wall -O0 -g3 -I"C:\temp\inf3995-02\tp2\tp2Code\tp2Code\adv7511_zed.sdk\sw\inc" -c -fmessage-length=0 -MT"src/cf_hdmi.o" -I../../sw_bsp/ps7_cortexa9_0/include -MMD -MP -MF"src/cf_hdmi.d" -MT"src/cf_hdmi.d" -o "src/cf_hdmi.o" "../src/cf_hdmi.c"
cygwin warning:
  MS-DOS style path detected: C:\temp\inf3995-02\tp2\tp2Code\tp2Code\adv7511_zed.sdk\sw\Debug
  Preferred POSIX equivalent is: /cygdrive/c/temp/inf3995-02/tp2/tp2Code/tp2Code/adv7511_zed.sdk/sw/Debug
  CYGWIN environment variable option "nodosfilewarning" turns off this warning.
  Consult the user's guide for more details about POSIX paths:
    http://cygwin.com/cygwin-ug-net/using.html#using-pathnames
Finished building: ../src/cf_hdmi.c
 
Building file: ../src/main.c
Invoking: ARM gcc compiler
arm-xilinx-eabi-gcc -Wall -O0 -g3 -I"C:\temp\inf3995-02\tp2\tp2Code\tp2Code\adv7511_zed.sdk\sw\inc" -c -fmessage-length=0 -MT"src/main.o" -I../../sw_bsp/ps7_cortexa9_0/include -MMD -MP -MF"src/main.d" -MT"src/main.d" -o "src/main.o" "../src/main.c"
cygwin warning:
  MS-DOS style path detected: C:\temp\inf3995-02\tp2\tp2Code\tp2Code\adv7511_zed.sdk\sw\Debug
  Preferred POSIX equivalent is: /cygdrive/c/temp/inf3995-02/tp2/tp2Code/tp2Code/adv7511_zed.sdk/sw/Debug
  CYGWIN environment variable option "nodosfilewarning" turns off this warning.
  Consult the user's guide for more details about POSIX paths:
    http://cygwin.com/cygwin-ug-net/using.html#using-pathnames
In file included from ../src/main.c:46:0:
../../sw_bsp/ps7_cortexa9_0/include/xbasic_types.h:115:2: warning: #warning The xbasics_type.h file is deprecated and users should use xil_types.h and xil_assert. [-Wcpp]
 #warning  The xbasics_type.h file is deprecated and users should use xil_types.h and xil_assert.
  ^
../../sw_bsp/ps7_cortexa9_0/include/xbasic_types.h:116:2: warning: #warning Please refer the Standalone BSP UG647 for further details [-Wcpp]
 #warning  Please refer the Standalone BSP UG647 for further details
  ^
Finished building: ../src/main.c
 
Building file: ../src/transmitter.c
Invoking: ARM gcc compiler
arm-xilinx-eabi-gcc -Wall -O0 -g3 -I"C:\temp\inf3995-02\tp2\tp2Code\tp2Code\adv7511_zed.sdk\sw\inc" -c -fmessage-length=0 -MT"src/transmitter.o" -I../../sw_bsp/ps7_cortexa9_0/include -MMD -MP -MF"src/transmitter.d" -MT"src/transmitter.d" -o "src/transmitter.o" "../src/transmitter.c"
cygwin warning:
  MS-DOS style path detected: C:\temp\inf3995-02\tp2\tp2Code\tp2Code\adv7511_zed.sdk\sw\Debug
  Preferred POSIX equivalent is: /cygdrive/c/temp/inf3995-02/tp2/tp2Code/tp2Code/adv7511_zed.sdk/sw/Debug
  CYGWIN environment variable option "nodosfilewarning" turns off this warning.
  Consult the user's guide for more details about POSIX paths:
    http://cygwin.com/cygwin-ug-net/using.html#using-pathnames
Finished building: ../src/transmitter.c
 
Building target: sw.elf
Invoking: ARM gcc linker
arm-xilinx-eabi-gcc -Wl,-T -Wl,../src/lscript.ld -L../../sw_bsp/ps7_cortexa9_0/lib -o "sw.elf"  ./src/cf_hdmi.o ./src/main.o ./src/transmitter.o   -Wl,--start-group,-lxil,-lgcc,-lc,--end-group
cygwin warning:
  MS-DOS style path detected: C:\temp\inf3995-02\tp2\tp2Code\tp2Code\adv7511_zed.sdk\sw\Debug
  Preferred POSIX equivalent is: /cygdrive/c/temp/inf3995-02/tp2/tp2Code/tp2Code/adv7511_zed.sdk/sw/Debug
  CYGWIN environment variable option "nodosfilewarning" turns off this warning.
  Consult the user's guide for more details about POSIX paths:
    http://cygwin.com/cygwin-ug-net/using.html#using-pathnames
./src/main.o: In function `APP_DriverEnabled':
C:\temp\inf3995-02\tp2\tp2Code\tp2Code\adv7511_zed.sdk\sw\Debug/../src/main.c:90: undefined reference to `HAL_GetMBSwitchState'
C:\temp\inf3995-02\tp2\tp2Code\tp2Code\adv7511_zed.sdk\sw\Debug/../src/main.c:92: undefined reference to `HAL_GetMBSwitchState'
./src/main.o: In function `APP_PrintRevisions':
C:\temp\inf3995-02\tp2\tp2Code\tp2Code\adv7511_zed.sdk\sw\Debug/../src/main.c:107: undefined reference to `ADIAPI_TxGetChipRevision'
./src/main.o: In function `main':
C:\temp\inf3995-02\tp2\tp2Code\tp2Code\adv7511_zed.sdk\sw\Debug/../src/main.c:169: undefined reference to `HAL_PlatformInit'
C:\temp\inf3995-02\tp2\tp2Code\tp2Code\adv7511_zed.sdk\sw\Debug/../src/main.c:190: undefined reference to `HAL_GetCurrentMsCount'
C:\temp\inf3995-02\tp2\tp2Code\tp2Code\adv7511_zed.sdk\sw\Debug/../src/main.c:194: undefined reference to `ATV_GetElapsedMs'
C:\temp\inf3995-02\tp2\tp2Code\tp2Code\adv7511_zed.sdk\sw\Debug/../src/main.c:196: undefined reference to `HAL_GetCurrentMsCount'
./src/transmitter.o: In function `TRANSMITTER_HardwareInit':
C:\temp\inf3995-02\tp2\tp2Code\tp2Code\adv7511_zed.sdk\sw\Debug/../src/transmitter.c:135: undefined reference to `ADIAPI_TxInit'
C:\temp\inf3995-02\tp2\tp2Code\tp2Code\adv7511_zed.sdk\sw\Debug/../src/transmitter.c:138: undefined reference to `ADIAPI_TxEnableTmds'
C:\temp\inf3995-02\tp2\tp2Code\tp2Code\adv7511_zed.sdk\sw\Debug/../src/transmitter.c:141: undefined reference to `ADIAPI_TxSetAvmute'
C:\temp\inf3995-02\tp2\tp2Code\tp2Code\adv7511_zed.sdk\sw\Debug/../src/transmitter.c:145: undefined reference to `ADIAPI_TxSetOutputMode'
C:\temp\inf3995-02\tp2\tp2Code\tp2Code\adv7511_zed.sdk\sw\Debug/../src/transmitter.c:148: undefined reference to `ADIAPI_TxSetInputPixelFormat'
C:\temp\inf3995-02\tp2\tp2Code\tp2Code\adv7511_zed.sdk\sw\Debug/../src/transmitter.c:156: undefined reference to `ADIAPI_TxSetOutputPixelFormat'
C:\temp\inf3995-02\tp2\tp2Code\tp2Code\adv7511_zed.sdk\sw\Debug/../src/transmitter.c:160: undefined reference to `ADIAPI_TxSetCSC'
C:\temp\inf3995-02\tp2\tp2Code\tp2Code\adv7511_zed.sdk\sw\Debug/../src/transmitter.c:164: undefined reference to `ADIAPI_TxSetAudioInterface'
C:\temp\inf3995-02\tp2\tp2Code\tp2Code\adv7511_zed.sdk\sw\Debug/../src/transmitter.c:169: undefined reference to `ADIAPI_TxSetEnabledEvents'
C:\temp\inf3995-02\tp2\tp2Code\tp2Code\adv7511_zed.sdk\sw\Debug/../src/transmitter.c:170: undefined reference to `ADIAPI_TxSetEnabledEvents'
C:\temp\inf3995-02\tp2\tp2Code\tp2Code\adv7511_zed.sdk\sw\Debug/../src/transmitter.c:176: undefined reference to `ADIAPI_TxEnablePackets'
./src/transmitter.o: In function `ADIAPI_TransmitterGetDetectedMode':
C:\temp\inf3995-02\tp2\tp2Code\tp2Code\adv7511_zed.sdk\sw\Debug/../src/transmitter.c:206: undefined reference to `ADIAPI_TxGetHpdMsenState'
./src/transmitter.o: In function `TRANSMITTER_MonitorAvrMode':
C:\temp\inf3995-02\tp2\tp2Code\tp2Code\adv7511_zed.sdk\sw\Debug/../src/transmitter.c:294: undefined reference to `ATV_GetMsCountNZ'
C:\temp\inf3995-02\tp2\tp2Code\tp2Code\adv7511_zed.sdk\sw\Debug/../src/transmitter.c:298: undefined reference to `ATV_GetElapsedMs'
./src/transmitter.o: In function `ADIAPI_TransmitterMain':
C:\temp\inf3995-02\tp2\tp2Code\tp2Code\adv7511_zed.sdk\sw\Debug/../src/transmitter.c:320: undefined reference to `ATV_GetElapsedMs'
C:\temp\inf3995-02\tp2\tp2Code\tp2Code\adv7511_zed.sdk\sw\Debug/../src/transmitter.c:324: undefined reference to `HAL_GetCurrentMsCount'
C:\temp\inf3995-02\tp2\tp2Code\tp2Code\adv7511_zed.sdk\sw\Debug/../src/transmitter.c:327: undefined reference to `ADIAPI_TxIntPending'
C:\temp\inf3995-02\tp2\tp2Code\tp2Code\adv7511_zed.sdk\sw\Debug/../src/transmitter.c:329: undefined reference to `ADIAPI_TxIsr'
./src/transmitter.o: In function `ADIAPI_TransmitterSetMuteState':
C:\temp\inf3995-02\tp2\tp2Code\tp2Code\adv7511_zed.sdk\sw\Debug/../src/transmitter.c:368: undefined reference to `ADIAPI_TxMuteAudio'
C:\temp\inf3995-02\tp2\tp2Code\tp2Code\adv7511_zed.sdk\sw\Debug/../src/transmitter.c:369: undefined reference to `ADIAPI_TxMuteVideo'
C:\temp\inf3995-02\tp2\tp2Code\tp2Code\adv7511_zed.sdk\sw\Debug/../src/transmitter.c:374: undefined reference to `ADIAPI_TxMuteAudio'
C:\temp\inf3995-02\tp2\tp2Code\tp2Code\adv7511_zed.sdk\sw\Debug/../src/transmitter.c:375: undefined reference to `ADIAPI_TxMuteVideo'
./src/transmitter.o: In function `TRANSMITTER_NewEdidSegment':
C:\temp\inf3995-02\tp2\tp2Code\tp2Code\adv7511_zed.sdk\sw\Debug/../src/transmitter.c:471: undefined reference to `ADIAPI_TxSetOutputMode'
C:\temp\inf3995-02\tp2\tp2Code\tp2Code\adv7511_zed.sdk\sw\Debug/../src/transmitter.c:476: undefined reference to `ADIAPI_TxSetOutputMode'
C:\temp\inf3995-02\tp2\tp2Code\tp2Code\adv7511_zed.sdk\sw\Debug/../src/transmitter.c:510: undefined reference to `ADIAPI_MwEdidEnableDebugMsg'
C:\temp\inf3995-02\tp2\tp2Code\tp2Code\adv7511_zed.sdk\sw\Debug/../src/transmitter.c:511: undefined reference to `ADIAPI_MwEdidParse'
collect2.exe: error: ld returned 1 exit status
make: *** [sw.elf] Erreur 1
14:10:41 **** Clean-only build of configuration Debug for project sw ****
make clean 
rm -rf  ./src/cf_hdmi.o ./src/main.o ./src/transmitter.o  ./src/cf_hdmi.d ./src/main.d ./src/transmitter.d  sw.elf.size  sw.elf
 
14:10:41 **** Auto Build of configuration Debug for project sw ****
make all 
Building file: ../src/cf_hdmi.c
Invoking: ARM gcc compiler
arm-xilinx-eabi-gcc -Wall -O0 -g3 -I"C:\temp\inf3995-02\tp2\tp2Code\tp2Code\adv7511_zed.sdk\sw\inc" -c -fmessage-length=0 -MT"src/cf_hdmi.o" -I../../sw_bsp/ps7_cortexa9_0/include -MMD -MP -MF"src/cf_hdmi.d" -MT"src/cf_hdmi.d" -o "src/cf_hdmi.o" "../src/cf_hdmi.c"
cygwin warning:
  MS-DOS style path detected: C:\temp\inf3995-02\tp2\tp2Code\tp2Code\adv7511_zed.sdk\sw\Debug
  Preferred POSIX equivalent is: /cygdrive/c/temp/inf3995-02/tp2/tp2Code/tp2Code/adv7511_zed.sdk/sw/Debug
  CYGWIN environment variable option "nodosfilewarning" turns off this warning.
  Consult the user's guide for more details about POSIX paths:
    http://cygwin.com/cygwin-ug-net/using.html#using-pathnames
Finished building: ../src/cf_hdmi.c
 
Building file: ../src/main.c
Invoking: ARM gcc compiler
arm-xilinx-eabi-gcc -Wall -O0 -g3 -I"C:\temp\inf3995-02\tp2\tp2Code\tp2Code\adv7511_zed.sdk\sw\inc" -c -fmessage-length=0 -MT"src/main.o" -I../../sw_bsp/ps7_cortexa9_0/include -MMD -MP -MF"src/main.d" -MT"src/main.d" -o "src/main.o" "../src/main.c"
cygwin warning:
  MS-DOS style path detected: C:\temp\inf3995-02\tp2\tp2Code\tp2Code\adv7511_zed.sdk\sw\Debug
  Preferred POSIX equivalent is: /cygdrive/c/temp/inf3995-02/tp2/tp2Code/tp2Code/adv7511_zed.sdk/sw/Debug
  CYGWIN environment variable option "nodosfilewarning" turns off this warning.
  Consult the user's guide for more details about POSIX paths:
    http://cygwin.com/cygwin-ug-net/using.html#using-pathnames
In file included from ../src/main.c:46:0:
../../sw_bsp/ps7_cortexa9_0/include/xbasic_types.h:115:2: warning: #warning The xbasics_type.h file is deprecated and users should use xil_types.h and xil_assert. [-Wcpp]
 #warning  The xbasics_type.h file is deprecated and users should use xil_types.h and xil_assert.
  ^
../../sw_bsp/ps7_cortexa9_0/include/xbasic_types.h:116:2: warning: #warning Please refer the Standalone BSP UG647 for further details [-Wcpp]
 #warning  Please refer the Standalone BSP UG647 for further details
  ^
Finished building: ../src/main.c
 
Building file: ../src/transmitter.c
Invoking: ARM gcc compiler
arm-xilinx-eabi-gcc -Wall -O0 -g3 -I"C:\temp\inf3995-02\tp2\tp2Code\tp2Code\adv7511_zed.sdk\sw\inc" -c -fmessage-length=0 -MT"src/transmitter.o" -I../../sw_bsp/ps7_cortexa9_0/include -MMD -MP -MF"src/transmitter.d" -MT"src/transmitter.d" -o "src/transmitter.o" "../src/transmitter.c"
cygwin warning:
  MS-DOS style path detected: C:\temp\inf3995-02\tp2\tp2Code\tp2Code\adv7511_zed.sdk\sw\Debug
  Preferred POSIX equivalent is: /cygdrive/c/temp/inf3995-02/tp2/tp2Code/tp2Code/adv7511_zed.sdk/sw/Debug
  CYGWIN environment variable option "nodosfilewarning" turns off this warning.
  Consult the user's guide for more details about POSIX paths:
    http://cygwin.com/cygwin-ug-net/using.html#using-pathnames
Finished building: ../src/transmitter.c
 
Building target: sw.elf
Invoking: ARM gcc linker
arm-xilinx-eabi-gcc -L"C:\temp\inf3995-02\tp2\tp2Code\tp2Code\adv7511_zed.sdk\sw\lib" -Wl,-T -Wl,../src/lscript.ld -L../../sw_bsp/ps7_cortexa9_0/lib -o "sw.elf"  ./src/cf_hdmi.o ./src/main.o ./src/transmitter.o   -lHDMI_ZebBoardLib -Wl,--start-group,-lxil,-lgcc,-lc,--end-group
cygwin warning:
  MS-DOS style path detected: C:\temp\inf3995-02\tp2\tp2Code\tp2Code\adv7511_zed.sdk\sw\Debug
  Preferred POSIX equivalent is: /cygdrive/c/temp/inf3995-02/tp2/tp2Code/tp2Code/adv7511_zed.sdk/sw/Debug
  CYGWIN environment variable option "nodosfilewarning" turns off this warning.
  Consult the user's guide for more details about POSIX paths:
    http://cygwin.com/cygwin-ug-net/using.html#using-pathnames
c:/logiciels/xilinx/sdk/2015.2/gnu/arm/nt/bin/../lib/gcc/arm-xilinx-eabi/4.9.1/../../../../arm-xilinx-eabi/bin/ld.exe: cannot find -lHDMI_ZebBoardLib
collect2.exe: error: ld returned 1 exit status
make: *** [sw.elf] Erreur 1
14:10:49 **** Auto Build of configuration Debug for project sw ****
make all 
Building target: sw.elf
Invoking: ARM gcc linker
arm-xilinx-eabi-gcc -L"C:\temp\inf3995-02\tp2\tp2Code\tp2Code\adv7511_zed.sdk\sw\lib" -Wl,-T -Wl,../src/lscript.ld -L../../sw_bsp/ps7_cortexa9_0/lib -o "sw.elf"  ./src/cf_hdmi.o ./src/main.o ./src/transmitter.o   -lHDMI_ZebBoardLib -Wl,--start-group,-lxil,-lgcc,-lc,--end-group
cygwin warning:
  MS-DOS style path detected: C:\temp\inf3995-02\tp2\tp2Code\tp2Code\adv7511_zed.sdk\sw\Debug
  Preferred POSIX equivalent is: /cygdrive/c/temp/inf3995-02/tp2/tp2Code/tp2Code/adv7511_zed.sdk/sw/Debug
  CYGWIN environment variable option "nodosfilewarning" turns off this warning.
  Consult the user's guide for more details about POSIX paths:
    http://cygwin.com/cygwin-ug-net/using.html#using-pathnames
c:/logiciels/xilinx/sdk/2015.2/gnu/arm/nt/bin/../lib/gcc/arm-xilinx-eabi/4.9.1/../../../../arm-xilinx-eabi/bin/ld.exe: cannot find -lHDMI_ZebBoardLib
collect2.exe: error: ld returned 1 exit status
make: *** [sw.elf] Erreur 1
14:11:08 **** Auto Build of configuration Debug for project sw ****
make all 
Building target: sw.elf
Invoking: ARM gcc linker
arm-xilinx-eabi-gcc -L"C:\temp\inf3995-02\tp2\tp2Code\tp2Code\adv7511_zed.sdk\sw\lib" -Wl,-T -Wl,../src/lscript.ld -L../../sw_bsp/ps7_cortexa9_0/lib -o "sw.elf"  ./src/cf_hdmi.o ./src/main.o ./src/transmitter.o   -lHDMI_ZebBoardLib -Wl,--start-group,-lxil,-lgcc,-lc,--end-group
cygwin warning:
  MS-DOS style path detected: C:\temp\inf3995-02\tp2\tp2Code\tp2Code\adv7511_zed.sdk\sw\Debug
  Preferred POSIX equivalent is: /cygdrive/c/temp/inf3995-02/tp2/tp2Code/tp2Code/adv7511_zed.sdk/sw/Debug
  CYGWIN environment variable option "nodosfilewarning" turns off this warning.
  Consult the user's guide for more details about POSIX paths:
    http://cygwin.com/cygwin-ug-net/using.html#using-pathnames
c:/logiciels/xilinx/sdk/2015.2/gnu/arm/nt/bin/../lib/gcc/arm-xilinx-eabi/4.9.1/../../../../arm-xilinx-eabi/bin/ld.exe: cannot find -lHDMI_ZebBoardLib
collect2.exe: error: ld returned 1 exit status
make: *** [sw.elf] Erreur 1
14:11:09 **** Clean-only build of configuration Debug for project sw ****
make clean 
rm -rf  ./src/cf_hdmi.o ./src/main.o ./src/transmitter.o  ./src/cf_hdmi.d ./src/main.d ./src/transmitter.d  sw.elf.size  sw.elf
 
14:11:09 **** Auto Build of configuration Debug for project sw ****
make all 
Building file: ../src/cf_hdmi.c
Invoking: ARM gcc compiler
arm-xilinx-eabi-gcc -Wall -O0 -g3 -I"C:\temp\inf3995-02\tp2\tp2Code\tp2Code\adv7511_zed.sdk\sw\inc" -c -fmessage-length=0 -MT"src/cf_hdmi.o" -I../../sw_bsp/ps7_cortexa9_0/include -MMD -MP -MF"src/cf_hdmi.d" -MT"src/cf_hdmi.d" -o "src/cf_hdmi.o" "../src/cf_hdmi.c"
cygwin warning:
  MS-DOS style path detected: C:\temp\inf3995-02\tp2\tp2Code\tp2Code\adv7511_zed.sdk\sw\Debug
  Preferred POSIX equivalent is: /cygdrive/c/temp/inf3995-02/tp2/tp2Code/tp2Code/adv7511_zed.sdk/sw/Debug
  CYGWIN environment variable option "nodosfilewarning" turns off this warning.
  Consult the user's guide for more details about POSIX paths:
    http://cygwin.com/cygwin-ug-net/using.html#using-pathnames
Finished building: ../src/cf_hdmi.c
 
Building file: ../src/main.c
Invoking: ARM gcc compiler
arm-xilinx-eabi-gcc -Wall -O0 -g3 -I"C:\temp\inf3995-02\tp2\tp2Code\tp2Code\adv7511_zed.sdk\sw\inc" -c -fmessage-length=0 -MT"src/main.o" -I../../sw_bsp/ps7_cortexa9_0/include -MMD -MP -MF"src/main.d" -MT"src/main.d" -o "src/main.o" "../src/main.c"
cygwin warning:
  MS-DOS style path detected: C:\temp\inf3995-02\tp2\tp2Code\tp2Code\adv7511_zed.sdk\sw\Debug
  Preferred POSIX equivalent is: /cygdrive/c/temp/inf3995-02/tp2/tp2Code/tp2Code/adv7511_zed.sdk/sw/Debug
  CYGWIN environment variable option "nodosfilewarning" turns off this warning.
  Consult the user's guide for more details about POSIX paths:
    http://cygwin.com/cygwin-ug-net/using.html#using-pathnames
In file included from ../src/main.c:46:0:
../../sw_bsp/ps7_cortexa9_0/include/xbasic_types.h:115:2: warning: #warning The xbasics_type.h file is deprecated and users should use xil_types.h and xil_assert. [-Wcpp]
 #warning  The xbasics_type.h file is deprecated and users should use xil_types.h and xil_assert.
  ^
../../sw_bsp/ps7_cortexa9_0/include/xbasic_types.h:116:2: warning: #warning Please refer the Standalone BSP UG647 for further details [-Wcpp]
 #warning  Please refer the Standalone BSP UG647 for further details
  ^
Finished building: ../src/main.c
 
Building file: ../src/transmitter.c
Invoking: ARM gcc compiler
arm-xilinx-eabi-gcc -Wall -O0 -g3 -I"C:\temp\inf3995-02\tp2\tp2Code\tp2Code\adv7511_zed.sdk\sw\inc" -c -fmessage-length=0 -MT"src/transmitter.o" -I../../sw_bsp/ps7_cortexa9_0/include -MMD -MP -MF"src/transmitter.d" -MT"src/transmitter.d" -o "src/transmitter.o" "../src/transmitter.c"
cygwin warning:
  MS-DOS style path detected: C:\temp\inf3995-02\tp2\tp2Code\tp2Code\adv7511_zed.sdk\sw\Debug
  Preferred POSIX equivalent is: /cygdrive/c/temp/inf3995-02/tp2/tp2Code/tp2Code/adv7511_zed.sdk/sw/Debug
  CYGWIN environment variable option "nodosfilewarning" turns off this warning.
  Consult the user's guide for more details about POSIX paths:
    http://cygwin.com/cygwin-ug-net/using.html#using-pathnames
Finished building: ../src/transmitter.c
 
Building target: sw.elf
Invoking: ARM gcc linker
arm-xilinx-eabi-gcc -L"C:\temp\inf3995-02\tp2\tp2Code\tp2Code\adv7511_zed.sdk\sw\lib" -Wl,-T -Wl,../src/lscript.ld -L../../sw_bsp/ps7_cortexa9_0/lib -o "sw.elf"  ./src/cf_hdmi.o ./src/main.o ./src/transmitter.o   -lHDMI_ZebBoardLib -Wl,--start-group,-lxil,-lgcc,-lc,--end-group
cygwin warning:
  MS-DOS style path detected: C:\temp\inf3995-02\tp2\tp2Code\tp2Code\adv7511_zed.sdk\sw\Debug
  Preferred POSIX equivalent is: /cygdrive/c/temp/inf3995-02/tp2/tp2Code/tp2Code/adv7511_zed.sdk/sw/Debug
  CYGWIN environment variable option "nodosfilewarning" turns off this warning.
  Consult the user's guide for more details about POSIX paths:
    http://cygwin.com/cygwin-ug-net/using.html#using-pathnames
c:/logiciels/xilinx/sdk/2015.2/gnu/arm/nt/bin/../lib/gcc/arm-xilinx-eabi/4.9.1/../../../../arm-xilinx-eabi/bin/ld.exe: cannot find -lHDMI_ZebBoardLib
collect2.exe: error: ld returned 1 exit status
make: *** [sw.elf] Erreur 1
14:13:18 **** Clean-only build of configuration Debug for project sw ****
make clean 
rm -rf  ./src/cf_hdmi.o ./src/main.o ./src/transmitter.o  ./src/cf_hdmi.d ./src/main.d ./src/transmitter.d  sw.elf.size  sw.elf
 
14:13:18 **** Auto Build of configuration Debug for project sw ****
make all 
Building file: ../src/cf_hdmi.c
Invoking: ARM gcc compiler
arm-xilinx-eabi-gcc -Wall -O0 -g3 -I"C:\temp\inf3995-02\tp2\tp2Code\tp2Code\adv7511_zed.sdk\sw\inc" -c -fmessage-length=0 -MT"src/cf_hdmi.o" -I../../sw_bsp/ps7_cortexa9_0/include -MMD -MP -MF"src/cf_hdmi.d" -MT"src/cf_hdmi.d" -o "src/cf_hdmi.o" "../src/cf_hdmi.c"
cygwin warning:
  MS-DOS style path detected: C:\temp\inf3995-02\tp2\tp2Code\tp2Code\adv7511_zed.sdk\sw\Debug
  Preferred POSIX equivalent is: /cygdrive/c/temp/inf3995-02/tp2/tp2Code/tp2Code/adv7511_zed.sdk/sw/Debug
  CYGWIN environment variable option "nodosfilewarning" turns off this warning.
  Consult the user's guide for more details about POSIX paths:
    http://cygwin.com/cygwin-ug-net/using.html#using-pathnames
Finished building: ../src/cf_hdmi.c
 
Building file: ../src/main.c
Invoking: ARM gcc compiler
arm-xilinx-eabi-gcc -Wall -O0 -g3 -I"C:\temp\inf3995-02\tp2\tp2Code\tp2Code\adv7511_zed.sdk\sw\inc" -c -fmessage-length=0 -MT"src/main.o" -I../../sw_bsp/ps7_cortexa9_0/include -MMD -MP -MF"src/main.d" -MT"src/main.d" -o "src/main.o" "../src/main.c"
cygwin warning:
  MS-DOS style path detected: C:\temp\inf3995-02\tp2\tp2Code\tp2Code\adv7511_zed.sdk\sw\Debug
  Preferred POSIX equivalent is: /cygdrive/c/temp/inf3995-02/tp2/tp2Code/tp2Code/adv7511_zed.sdk/sw/Debug
  CYGWIN environment variable option "nodosfilewarning" turns off this warning.
  Consult the user's guide for more details about POSIX paths:
    http://cygwin.com/cygwin-ug-net/using.html#using-pathnames
In file included from ../src/main.c:46:0:
../../sw_bsp/ps7_cortexa9_0/include/xbasic_types.h:115:2: warning: #warning The xbasics_type.h file is deprecated and users should use xil_types.h and xil_assert. [-Wcpp]
 #warning  The xbasics_type.h file is deprecated and users should use xil_types.h and xil_assert.
  ^
../../sw_bsp/ps7_cortexa9_0/include/xbasic_types.h:116:2: warning: #warning Please refer the Standalone BSP UG647 for further details [-Wcpp]
 #warning  Please refer the Standalone BSP UG647 for further details
  ^
Finished building: ../src/main.c
 
Building file: ../src/transmitter.c
Invoking: ARM gcc compiler
arm-xilinx-eabi-gcc -Wall -O0 -g3 -I"C:\temp\inf3995-02\tp2\tp2Code\tp2Code\adv7511_zed.sdk\sw\inc" -c -fmessage-length=0 -MT"src/transmitter.o" -I../../sw_bsp/ps7_cortexa9_0/include -MMD -MP -MF"src/transmitter.d" -MT"src/transmitter.d" -o "src/transmitter.o" "../src/transmitter.c"
cygwin warning:
  MS-DOS style path detected: C:\temp\inf3995-02\tp2\tp2Code\tp2Code\adv7511_zed.sdk\sw\Debug
  Preferred POSIX equivalent is: /cygdrive/c/temp/inf3995-02/tp2/tp2Code/tp2Code/adv7511_zed.sdk/sw/Debug
  CYGWIN environment variable option "nodosfilewarning" turns off this warning.
  Consult the user's guide for more details about POSIX paths:
    http://cygwin.com/cygwin-ug-net/using.html#using-pathnames
Finished building: ../src/transmitter.c
 
Building target: sw.elf
Invoking: ARM gcc linker
arm-xilinx-eabi-gcc -L"C:\temp\inf3995-02\tp2\tp2Code\tp2Code\adv7511_zed.sdk\sw\lib" -Wl,-T -Wl,../src/lscript.ld -L../../sw_bsp/ps7_cortexa9_0/lib -o "sw.elf"  ./src/cf_hdmi.o ./src/main.o ./src/transmitter.o   -lHDMI_ZebBoardLib -Wl,--start-group,-lxil,-lgcc,-lc,--end-group
cygwin warning:
  MS-DOS style path detected: C:\temp\inf3995-02\tp2\tp2Code\tp2Code\adv7511_zed.sdk\sw\Debug
  Preferred POSIX equivalent is: /cygdrive/c/temp/inf3995-02/tp2/tp2Code/tp2Code/adv7511_zed.sdk/sw/Debug
  CYGWIN environment variable option "nodosfilewarning" turns off this warning.
  Consult the user's guide for more details about POSIX paths:
    http://cygwin.com/cygwin-ug-net/using.html#using-pathnames
c:/logiciels/xilinx/sdk/2015.2/gnu/arm/nt/bin/../lib/gcc/arm-xilinx-eabi/4.9.1/../../../../arm-xilinx-eabi/bin/ld.exe: cannot find -lHDMI_ZebBoardLib
collect2.exe: error: ld returned 1 exit status
make: *** [sw.elf] Erreur 1
14:13:27 **** Clean-only build of configuration Debug for project sw ****
make clean 
rm -rf  ./src/cf_hdmi.o ./src/main.o ./src/transmitter.o  ./src/cf_hdmi.d ./src/main.d ./src/transmitter.d  sw.elf.size  sw.elf
 
14:13:27 **** Auto Build of configuration Debug for project sw ****
make all 
Building file: ../src/cf_hdmi.c
Invoking: ARM gcc compiler
arm-xilinx-eabi-gcc -Wall -O0 -g3 -I"C:\temp\inf3995-02\tp2\tp2Code\tp2Code\adv7511_zed.sdk\sw\inc" -c -fmessage-length=0 -MT"src/cf_hdmi.o" -I../../sw_bsp/ps7_cortexa9_0/include -MMD -MP -MF"src/cf_hdmi.d" -MT"src/cf_hdmi.d" -o "src/cf_hdmi.o" "../src/cf_hdmi.c"
cygwin warning:
  MS-DOS style path detected: C:\temp\inf3995-02\tp2\tp2Code\tp2Code\adv7511_zed.sdk\sw\Debug
  Preferred POSIX equivalent is: /cygdrive/c/temp/inf3995-02/tp2/tp2Code/tp2Code/adv7511_zed.sdk/sw/Debug
  CYGWIN environment variable option "nodosfilewarning" turns off this warning.
  Consult the user's guide for more details about POSIX paths:
    http://cygwin.com/cygwin-ug-net/using.html#using-pathnames
Finished building: ../src/cf_hdmi.c
 
Building file: ../src/main.c
Invoking: ARM gcc compiler
arm-xilinx-eabi-gcc -Wall -O0 -g3 -I"C:\temp\inf3995-02\tp2\tp2Code\tp2Code\adv7511_zed.sdk\sw\inc" -c -fmessage-length=0 -MT"src/main.o" -I../../sw_bsp/ps7_cortexa9_0/include -MMD -MP -MF"src/main.d" -MT"src/main.d" -o "src/main.o" "../src/main.c"
cygwin warning:
  MS-DOS style path detected: C:\temp\inf3995-02\tp2\tp2Code\tp2Code\adv7511_zed.sdk\sw\Debug
  Preferred POSIX equivalent is: /cygdrive/c/temp/inf3995-02/tp2/tp2Code/tp2Code/adv7511_zed.sdk/sw/Debug
  CYGWIN environment variable option "nodosfilewarning" turns off this warning.
  Consult the user's guide for more details about POSIX paths:
    http://cygwin.com/cygwin-ug-net/using.html#using-pathnames
In file included from ../src/main.c:46:0:
../../sw_bsp/ps7_cortexa9_0/include/xbasic_types.h:115:2: warning: #warning The xbasics_type.h file is deprecated and users should use xil_types.h and xil_assert. [-Wcpp]
 #warning  The xbasics_type.h file is deprecated and users should use xil_types.h and xil_assert.
  ^
../../sw_bsp/ps7_cortexa9_0/include/xbasic_types.h:116:2: warning: #warning Please refer the Standalone BSP UG647 for further details [-Wcpp]
 #warning  Please refer the Standalone BSP UG647 for further details
  ^
Finished building: ../src/main.c
 
Building file: ../src/transmitter.c
Invoking: ARM gcc compiler
arm-xilinx-eabi-gcc -Wall -O0 -g3 -I"C:\temp\inf3995-02\tp2\tp2Code\tp2Code\adv7511_zed.sdk\sw\inc" -c -fmessage-length=0 -MT"src/transmitter.o" -I../../sw_bsp/ps7_cortexa9_0/include -MMD -MP -MF"src/transmitter.d" -MT"src/transmitter.d" -o "src/transmitter.o" "../src/transmitter.c"
cygwin warning:
  MS-DOS style path detected: C:\temp\inf3995-02\tp2\tp2Code\tp2Code\adv7511_zed.sdk\sw\Debug
  Preferred POSIX equivalent is: /cygdrive/c/temp/inf3995-02/tp2/tp2Code/tp2Code/adv7511_zed.sdk/sw/Debug
  CYGWIN environment variable option "nodosfilewarning" turns off this warning.
  Consult the user's guide for more details about POSIX paths:
    http://cygwin.com/cygwin-ug-net/using.html#using-pathnames
Finished building: ../src/transmitter.c
 
Building target: sw.elf
Invoking: ARM gcc linker
arm-xilinx-eabi-gcc -L"C:\temp\inf3995-02\tp2\tp2Code\tp2Code\adv7511_zed.sdk\sw\lib" -Wl,-T -Wl,../src/lscript.ld -L../../sw_bsp/ps7_cortexa9_0/lib -o "sw.elf"  ./src/cf_hdmi.o ./src/main.o ./src/transmitter.o   -lHDMI_ZebBoardLib -Wl,--start-group,-lxil,-lgcc,-lc,--end-group
cygwin warning:
  MS-DOS style path detected: C:\temp\inf3995-02\tp2\tp2Code\tp2Code\adv7511_zed.sdk\sw\Debug
  Preferred POSIX equivalent is: /cygdrive/c/temp/inf3995-02/tp2/tp2Code/tp2Code/adv7511_zed.sdk/sw/Debug
  CYGWIN environment variable option "nodosfilewarning" turns off this warning.
  Consult the user's guide for more details about POSIX paths:
    http://cygwin.com/cygwin-ug-net/using.html#using-pathnames
c:/logiciels/xilinx/sdk/2015.2/gnu/arm/nt/bin/../lib/gcc/arm-xilinx-eabi/4.9.1/../../../../arm-xilinx-eabi/bin/ld.exe: cannot find -lHDMI_ZebBoardLib
collect2.exe: error: ld returned 1 exit status
make: *** [sw.elf] Erreur 1
14:13:36 **** Incremental Build of configuration Debug for project sw ****
make all 
Building target: sw.elf
Invoking: ARM gcc linker
arm-xilinx-eabi-gcc -L"C:\temp\inf3995-02\tp2\tp2Code\tp2Code\adv7511_zed.sdk\sw\lib" -Wl,-T -Wl,../src/lscript.ld -L../../sw_bsp/ps7_cortexa9_0/lib -o "sw.elf"  ./src/cf_hdmi.o ./src/main.o ./src/transmitter.o   -lHDMI_ZebBoardLib -Wl,--start-group,-lxil,-lgcc,-lc,--end-group
cygwin warning:
  MS-DOS style path detected: C:\temp\inf3995-02\tp2\tp2Code\tp2Code\adv7511_zed.sdk\sw\Debug
  Preferred POSIX equivalent is: /cygdrive/c/temp/inf3995-02/tp2/tp2Code/tp2Code/adv7511_zed.sdk/sw/Debug
  CYGWIN environment variable option "nodosfilewarning" turns off this warning.
  Consult the user's guide for more details about POSIX paths:
    http://cygwin.com/cygwin-ug-net/using.html#using-pathnames
c:/logiciels/xilinx/sdk/2015.2/gnu/arm/nt/bin/../lib/gcc/arm-xilinx-eabi/4.9.1/../../../../arm-xilinx-eabi/bin/ld.exe: cannot find -lHDMI_ZebBoardLib
collect2.exe: error: ld returned 1 exit status
make: *** [sw.elf] Erreur 1
14:18:57 **** Incremental Build of configuration Debug for project sw ****
make all 
Building target: sw.elf
Invoking: ARM gcc linker
arm-xilinx-eabi-gcc -L"C:\temp\inf3995-02\tp2\tp2Code\tp2Code\adv7511_zed.sdk\sw\lib" -Wl,-T -Wl,../src/lscript.ld -L../../sw_bsp/ps7_cortexa9_0/lib -o "sw.elf"  ./src/cf_hdmi.o ./src/main.o ./src/transmitter.o   -lHDMI_ZebBoardLib -Wl,--start-group,-lxil,-lgcc,-lc,--end-group
cygwin warning:
  MS-DOS style path detected: C:\temp\inf3995-02\tp2\tp2Code\tp2Code\adv7511_zed.sdk\sw\Debug
  Preferred POSIX equivalent is: /cygdrive/c/temp/inf3995-02/tp2/tp2Code/tp2Code/adv7511_zed.sdk/sw/Debug
  CYGWIN environment variable option "nodosfilewarning" turns off this warning.
  Consult the user's guide for more details about POSIX paths:
    http://cygwin.com/cygwin-ug-net/using.html#using-pathnames
c:/logiciels/xilinx/sdk/2015.2/gnu/arm/nt/bin/../lib/gcc/arm-xilinx-eabi/4.9.1/../../../../arm-xilinx-eabi/bin/ld.exe: cannot find -lHDMI_ZebBoardLib
collect2.exe: error: ld returned 1 exit status
make: *** [sw.elf] Erreur 1
14:21:42 **** Clean-only build of configuration Debug for project sw ****
make clean 
rm -rf  ./src/cf_hdmi.o ./src/main.o ./src/transmitter.o  ./src/cf_hdmi.d ./src/main.d ./src/transmitter.d  sw.elf.size  sw.elf
 
14:21:42 **** Auto Build of configuration Debug for project sw ****
make all 
Building file: ../src/cf_hdmi.c
Invoking: ARM gcc compiler
arm-xilinx-eabi-gcc -Wall -O0 -g3 -I"C:\temp\inf3995-02\tp2\tp2Code\tp2Code\adv7511_zed.sdk\sw\inc" -c -fmessage-length=0 -MT"src/cf_hdmi.o" -I../../sw_bsp/ps7_cortexa9_0/include -MMD -MP -MF"src/cf_hdmi.d" -MT"src/cf_hdmi.d" -o "src/cf_hdmi.o" "../src/cf_hdmi.c"
cygwin warning:
  MS-DOS style path detected: C:\temp\inf3995-02\tp2\tp2Code\tp2Code\adv7511_zed.sdk\sw\Debug
  Preferred POSIX equivalent is: /cygdrive/c/temp/inf3995-02/tp2/tp2Code/tp2Code/adv7511_zed.sdk/sw/Debug
  CYGWIN environment variable option "nodosfilewarning" turns off this warning.
  Consult the user's guide for more details about POSIX paths:
    http://cygwin.com/cygwin-ug-net/using.html#using-pathnames
Finished building: ../src/cf_hdmi.c
 
Building file: ../src/main.c
Invoking: ARM gcc compiler
arm-xilinx-eabi-gcc -Wall -O0 -g3 -I"C:\temp\inf3995-02\tp2\tp2Code\tp2Code\adv7511_zed.sdk\sw\inc" -c -fmessage-length=0 -MT"src/main.o" -I../../sw_bsp/ps7_cortexa9_0/include -MMD -MP -MF"src/main.d" -MT"src/main.d" -o "src/main.o" "../src/main.c"
cygwin warning:
  MS-DOS style path detected: C:\temp\inf3995-02\tp2\tp2Code\tp2Code\adv7511_zed.sdk\sw\Debug
  Preferred POSIX equivalent is: /cygdrive/c/temp/inf3995-02/tp2/tp2Code/tp2Code/adv7511_zed.sdk/sw/Debug
  CYGWIN environment variable option "nodosfilewarning" turns off this warning.
  Consult the user's guide for more details about POSIX paths:
    http://cygwin.com/cygwin-ug-net/using.html#using-pathnames
In file included from ../src/main.c:46:0:
../../sw_bsp/ps7_cortexa9_0/include/xbasic_types.h:115:2: warning: #warning The xbasics_type.h file is deprecated and users should use xil_types.h and xil_assert. [-Wcpp]
 #warning  The xbasics_type.h file is deprecated and users should use xil_types.h and xil_assert.
  ^
../../sw_bsp/ps7_cortexa9_0/include/xbasic_types.h:116:2: warning: #warning Please refer the Standalone BSP UG647 for further details [-Wcpp]
 #warning  Please refer the Standalone BSP UG647 for further details
  ^
Finished building: ../src/main.c
 
Building file: ../src/transmitter.c
Invoking: ARM gcc compiler
arm-xilinx-eabi-gcc -Wall -O0 -g3 -I"C:\temp\inf3995-02\tp2\tp2Code\tp2Code\adv7511_zed.sdk\sw\inc" -c -fmessage-length=0 -MT"src/transmitter.o" -I../../sw_bsp/ps7_cortexa9_0/include -MMD -MP -MF"src/transmitter.d" -MT"src/transmitter.d" -o "src/transmitter.o" "../src/transmitter.c"
cygwin warning:
  MS-DOS style path detected: C:\temp\inf3995-02\tp2\tp2Code\tp2Code\adv7511_zed.sdk\sw\Debug
  Preferred POSIX equivalent is: /cygdrive/c/temp/inf3995-02/tp2/tp2Code/tp2Code/adv7511_zed.sdk/sw/Debug
  CYGWIN environment variable option "nodosfilewarning" turns off this warning.
  Consult the user's guide for more details about POSIX paths:
    http://cygwin.com/cygwin-ug-net/using.html#using-pathnames
Finished building: ../src/transmitter.c
 
Building target: sw.elf
Invoking: ARM gcc linker
arm-xilinx-eabi-gcc -L"C:\temp\inf3995-02\tp2\tp2Code\tp2Code\adv7511_zed.sdk\sw\lib" -Wl,-T -Wl,../src/lscript.ld -L../../sw_bsp/ps7_cortexa9_0/lib -o "sw.elf"  ./src/cf_hdmi.o ./src/main.o ./src/transmitter.o   -lHDMI_ZedBoardLib -Wl,--start-group,-lxil,-lgcc,-lc,--end-group
cygwin warning:
  MS-DOS style path detected: C:\temp\inf3995-02\tp2\tp2Code\tp2Code\adv7511_zed.sdk\sw\Debug
  Preferred POSIX equivalent is: /cygdrive/c/temp/inf3995-02/tp2/tp2Code/tp2Code/adv7511_zed.sdk/sw/Debug
  CYGWIN environment variable option "nodosfilewarning" turns off this warning.
  Consult the user's guide for more details about POSIX paths:
    http://cygwin.com/cygwin-ug-net/using.html#using-pathnames
Finished building target: sw.elf
 
Invoking: ARM Print Size
arm-xilinx-eabi-size sw.elf  |tee "sw.elf.size"
cygwin warning:
  MS-DOS style path detected: C:\temp\inf3995-02\tp2\tp2Code\tp2Code\adv7511_zed.sdk\sw\Debug
  Preferred POSIX equivalent is: /cygdrive/c/temp/inf3995-02/tp2/tp2Code/tp2Code/adv7511_zed.sdk/sw/Debug
  CYGWIN environment variable option "nodosfilewarning" turns off this warning.
  Consult the user's guide for more details about POSIX paths:
    http://cygwin.com/cygwin-ug-net/using.html#using-pathnames
   text	   data	    bss	    dec	    hex	filename
 102665	 704576	  23452	 830693	  cace5	sw.elf
Finished building: sw.elf.size
 
14:21:54 **** Clean-only build of configuration Debug for project sw ****
make clean 
rm -rf  ./src/cf_hdmi.o ./src/main.o ./src/transmitter.o  ./src/cf_hdmi.d ./src/main.d ./src/transmitter.d  sw.elf.size  sw.elf
 
14:21:54 **** Auto Build of configuration Debug for project sw ****
make all 
Building file: ../src/cf_hdmi.c
Invoking: ARM gcc compiler
arm-xilinx-eabi-gcc -Wall -O0 -g3 -I"C:\temp\inf3995-02\tp2\tp2Code\tp2Code\adv7511_zed.sdk\sw\inc" -c -fmessage-length=0 -MT"src/cf_hdmi.o" -I../../sw_bsp/ps7_cortexa9_0/include -MMD -MP -MF"src/cf_hdmi.d" -MT"src/cf_hdmi.d" -o "src/cf_hdmi.o" "../src/cf_hdmi.c"
cygwin warning:
  MS-DOS style path detected: C:\temp\inf3995-02\tp2\tp2Code\tp2Code\adv7511_zed.sdk\sw\Debug
  Preferred POSIX equivalent is: /cygdrive/c/temp/inf3995-02/tp2/tp2Code/tp2Code/adv7511_zed.sdk/sw/Debug
  CYGWIN environment variable option "nodosfilewarning" turns off this warning.
  Consult the user's guide for more details about POSIX paths:
    http://cygwin.com/cygwin-ug-net/using.html#using-pathnames
Finished building: ../src/cf_hdmi.c
 
Building file: ../src/main.c
Invoking: ARM gcc compiler
arm-xilinx-eabi-gcc -Wall -O0 -g3 -I"C:\temp\inf3995-02\tp2\tp2Code\tp2Code\adv7511_zed.sdk\sw\inc" -c -fmessage-length=0 -MT"src/main.o" -I../../sw_bsp/ps7_cortexa9_0/include -MMD -MP -MF"src/main.d" -MT"src/main.d" -o "src/main.o" "../src/main.c"
cygwin warning:
  MS-DOS style path detected: C:\temp\inf3995-02\tp2\tp2Code\tp2Code\adv7511_zed.sdk\sw\Debug
  Preferred POSIX equivalent is: /cygdrive/c/temp/inf3995-02/tp2/tp2Code/tp2Code/adv7511_zed.sdk/sw/Debug
  CYGWIN environment variable option "nodosfilewarning" turns off this warning.
  Consult the user's guide for more details about POSIX paths:
    http://cygwin.com/cygwin-ug-net/using.html#using-pathnames
In file included from ../src/main.c:46:0:
../../sw_bsp/ps7_cortexa9_0/include/xbasic_types.h:115:2: warning: #warning The xbasics_type.h file is deprecated and users should use xil_types.h and xil_assert. [-Wcpp]
 #warning  The xbasics_type.h file is deprecated and users should use xil_types.h and xil_assert.
  ^
../../sw_bsp/ps7_cortexa9_0/include/xbasic_types.h:116:2: warning: #warning Please refer the Standalone BSP UG647 for further details [-Wcpp]
 #warning  Please refer the Standalone BSP UG647 for further details
  ^
Finished building: ../src/main.c
 
Building file: ../src/transmitter.c
Invoking: ARM gcc compiler
arm-xilinx-eabi-gcc -Wall -O0 -g3 -I"C:\temp\inf3995-02\tp2\tp2Code\tp2Code\adv7511_zed.sdk\sw\inc" -c -fmessage-length=0 -MT"src/transmitter.o" -I../../sw_bsp/ps7_cortexa9_0/include -MMD -MP -MF"src/transmitter.d" -MT"src/transmitter.d" -o "src/transmitter.o" "../src/transmitter.c"
cygwin warning:
  MS-DOS style path detected: C:\temp\inf3995-02\tp2\tp2Code\tp2Code\adv7511_zed.sdk\sw\Debug
  Preferred POSIX equivalent is: /cygdrive/c/temp/inf3995-02/tp2/tp2Code/tp2Code/adv7511_zed.sdk/sw/Debug
  CYGWIN environment variable option "nodosfilewarning" turns off this warning.
  Consult the user's guide for more details about POSIX paths:
    http://cygwin.com/cygwin-ug-net/using.html#using-pathnames
Finished building: ../src/transmitter.c
 
Building target: sw.elf
Invoking: ARM gcc linker
arm-xilinx-eabi-gcc -L"C:\temp\inf3995-02\tp2\tp2Code\tp2Code\adv7511_zed.sdk\sw\lib" -Wl,-T -Wl,../src/lscript.ld -L../../sw_bsp/ps7_cortexa9_0/lib -o "sw.elf"  ./src/cf_hdmi.o ./src/main.o ./src/transmitter.o   -lHDMI_ZedBoardLib -Wl,--start-group,-lxil,-lgcc,-lc,--end-group
cygwin warning:
  MS-DOS style path detected: C:\temp\inf3995-02\tp2\tp2Code\tp2Code\adv7511_zed.sdk\sw\Debug
  Preferred POSIX equivalent is: /cygdrive/c/temp/inf3995-02/tp2/tp2Code/tp2Code/adv7511_zed.sdk/sw/Debug
  CYGWIN environment variable option "nodosfilewarning" turns off this warning.
  Consult the user's guide for more details about POSIX paths:
    http://cygwin.com/cygwin-ug-net/using.html#using-pathnames
Finished building target: sw.elf
 
Invoking: ARM Print Size
arm-xilinx-eabi-size sw.elf  |tee "sw.elf.size"
cygwin warning:
  MS-DOS style path detected: C:\temp\inf3995-02\tp2\tp2Code\tp2Code\adv7511_zed.sdk\sw\Debug
  Preferred POSIX equivalent is: /cygdrive/c/temp/inf3995-02/tp2/tp2Code/tp2Code/adv7511_zed.sdk/sw/Debug
  CYGWIN environment variable option "nodosfilewarning" turns off this warning.
  Consult the user's guide for more details about POSIX paths:
    http://cygwin.com/cygwin-ug-net/using.html#using-pathnames
   text	   data	    bss	    dec	    hex	filename
 102665	 704576	  23452	 830693	  cace5	sw.elf
Finished building: sw.elf.size
 
14:21:58 **** Clean-only build of configuration Debug for project sw ****
make clean 
rm -rf  ./src/cf_hdmi.o ./src/main.o ./src/transmitter.o  ./src/cf_hdmi.d ./src/main.d ./src/transmitter.d  sw.elf.size  sw.elf
 
14:21:58 **** Auto Build of configuration Debug for project sw ****
make all 
Building file: ../src/cf_hdmi.c
Invoking: ARM gcc compiler
arm-xilinx-eabi-gcc -Wall -O0 -g3 -I"C:\temp\inf3995-02\tp2\tp2Code\tp2Code\adv7511_zed.sdk\sw\inc" -c -fmessage-length=0 -MT"src/cf_hdmi.o" -I../../sw_bsp/ps7_cortexa9_0/include -MMD -MP -MF"src/cf_hdmi.d" -MT"src/cf_hdmi.d" -o "src/cf_hdmi.o" "../src/cf_hdmi.c"
cygwin warning:
  MS-DOS style path detected: C:\temp\inf3995-02\tp2\tp2Code\tp2Code\adv7511_zed.sdk\sw\Debug
  Preferred POSIX equivalent is: /cygdrive/c/temp/inf3995-02/tp2/tp2Code/tp2Code/adv7511_zed.sdk/sw/Debug
  CYGWIN environment variable option "nodosfilewarning" turns off this warning.
  Consult the user's guide for more details about POSIX paths:
    http://cygwin.com/cygwin-ug-net/using.html#using-pathnames
Finished building: ../src/cf_hdmi.c
 
Building file: ../src/main.c
Invoking: ARM gcc compiler
arm-xilinx-eabi-gcc -Wall -O0 -g3 -I"C:\temp\inf3995-02\tp2\tp2Code\tp2Code\adv7511_zed.sdk\sw\inc" -c -fmessage-length=0 -MT"src/main.o" -I../../sw_bsp/ps7_cortexa9_0/include -MMD -MP -MF"src/main.d" -MT"src/main.d" -o "src/main.o" "../src/main.c"
cygwin warning:
  MS-DOS style path detected: C:\temp\inf3995-02\tp2\tp2Code\tp2Code\adv7511_zed.sdk\sw\Debug
  Preferred POSIX equivalent is: /cygdrive/c/temp/inf3995-02/tp2/tp2Code/tp2Code/adv7511_zed.sdk/sw/Debug
  CYGWIN environment variable option "nodosfilewarning" turns off this warning.
  Consult the user's guide for more details about POSIX paths:
    http://cygwin.com/cygwin-ug-net/using.html#using-pathnames
In file included from ../src/main.c:46:0:
[...]
  Consult the user's guide for more details about POSIX paths:
    http://cygwin.com/cygwin-ug-net/using.html#using-pathnames
In file included from ../src/main.c:46:0:
../../sw_bsp/ps7_cortexa9_0/include/xbasic_types.h:115:2: warning: #warning The xbasics_type.h file is deprecated and users should use xil_types.h and xil_assert. [-Wcpp]
 #warning  The xbasics_type.h file is deprecated and users should use xil_types.h and xil_assert.
  ^
../../sw_bsp/ps7_cortexa9_0/include/xbasic_types.h:116:2: warning: #warning Please refer the Standalone BSP UG647 for further details [-Wcpp]
 #warning  Please refer the Standalone BSP UG647 for further details
  ^
../src/main.c: In function 'main':
../src/main.c:64:33: warning: passing argument 1 of 'xil_printf' makes pointer from integer without a cast
 #define DBG_MSG                 xil_printf
                                 ^
../src/main.c:233:6: note: in expansion of macro 'DBG_MSG'
      DBG_MSG(buff[i]);
      ^
In file included from ../../sw_bsp/ps7_cortexa9_0/include/xil_io.h:65:0,
                 from ../src/main.c:47:
../../sw_bsp/ps7_cortexa9_0/include/xil_printf.h:35:6: note: expected 'const char8 *' but argument is of type 'char'
 void xil_printf( const char8 *ctrl1, ...);
      ^
../src/main.c: At top level:
../src/main.c:92:13: warning: 'APP_DriverEnabled' defined but not used [-Wunused-function]
 static BOOL APP_DriverEnabled (void)
             ^
../src/main.c:107:13: warning: 'APP_PrintRevisions' defined but not used [-Wunused-function]
 static void APP_PrintRevisions (void)
             ^
../src/main.c:125:13: warning: 'APP_ChangeResolution' defined but not used [-Wunused-function]
 static void APP_ChangeResolution (void)
             ^
Finished building: ../src/main.c
 
Building target: sw.elf
Invoking: ARM gcc linker
arm-xilinx-eabi-gcc -L"C:\temp\inf3995-02\tp2\tp2Code\tp2Code\adv7511_zed.sdk\sw\lib" -Wl,-T -Wl,../src/lscript.ld -L../../sw_bsp/ps7_cortexa9_0/lib -o "sw.elf"  ./src/cf_hdmi.o ./src/diskio.o ./src/ff.o ./src/main.o ./src/transmitter.o   -lHDMI_ZedBoardLib -Wl,--start-group,-lxil,-lgcc,-lc,--end-group
cygwin warning:
  MS-DOS style path detected: C:\temp\inf3995-02\tp2\tp2Code\tp2Code\adv7511_zed.sdk\sw\Debug
  Preferred POSIX equivalent is: /cygdrive/c/temp/inf3995-02/tp2/tp2Code/tp2Code/adv7511_zed.sdk/sw/Debug
  CYGWIN environment variable option "nodosfilewarning" turns off this warning.
  Consult the user's guide for more details about POSIX paths:
    http://cygwin.com/cygwin-ug-net/using.html#using-pathnames
Finished building target: sw.elf
 
Invoking: ARM Print Size
arm-xilinx-eabi-size sw.elf  |tee "sw.elf.size"
cygwin warning:
  MS-DOS style path detected: C:\temp\inf3995-02\tp2\tp2Code\tp2Code\adv7511_zed.sdk\sw\Debug
  Preferred POSIX equivalent is: /cygdrive/c/temp/inf3995-02/tp2/tp2Code/tp2Code/adv7511_zed.sdk/sw/Debug
  CYGWIN environment variable option "nodosfilewarning" turns off this warning.
  Consult the user's guide for more details about POSIX paths:
    http://cygwin.com/cygwin-ug-net/using.html#using-pathnames
   text	   data	    bss	    dec	    hex	filename
 127121	 704576	  24608	 856305	  d10f1	sw.elf
Finished building: sw.elf.size
 
16:20:53 **** Auto Build of configuration Debug for project sw ****
make all 
Building file: ../src/main.c
Invoking: ARM gcc compiler
arm-xilinx-eabi-gcc -Wall -O0 -g3 -I"C:\temp\inf3995-02\tp2\tp2Code\tp2Code\adv7511_zed.sdk\sw\inc" -c -fmessage-length=0 -MT"src/main.o" -I../../sw_bsp/ps7_cortexa9_0/include -MMD -MP -MF"src/main.d" -MT"src/main.d" -o "src/main.o" "../src/main.c"
cygwin warning:
  MS-DOS style path detected: C:\temp\inf3995-02\tp2\tp2Code\tp2Code\adv7511_zed.sdk\sw\Debug
  Preferred POSIX equivalent is: /cygdrive/c/temp/inf3995-02/tp2/tp2Code/tp2Code/adv7511_zed.sdk/sw/Debug
  CYGWIN environment variable option "nodosfilewarning" turns off this warning.
  Consult the user's guide for more details about POSIX paths:
    http://cygwin.com/cygwin-ug-net/using.html#using-pathnames
In file included from ../src/main.c:46:0:
../../sw_bsp/ps7_cortexa9_0/include/xbasic_types.h:115:2: warning: #warning The xbasics_type.h file is deprecated and users should use xil_types.h and xil_assert. [-Wcpp]
 #warning  The xbasics_type.h file is deprecated and users should use xil_types.h and xil_assert.
  ^
../../sw_bsp/ps7_cortexa9_0/include/xbasic_types.h:116:2: warning: #warning Please refer the Standalone BSP UG647 for further details [-Wcpp]
 #warning  Please refer the Standalone BSP UG647 for further details
  ^
../src/main.c: In function 'main':
../src/main.c:64:33: warning: passing argument 1 of 'xil_printf' makes pointer from integer without a cast
 #define DBG_MSG                 xil_printf
                                 ^
../src/main.c:233:6: note: in expansion of macro 'DBG_MSG'
      DBG_MSG(buff[i]);
      ^
In file included from ../../sw_bsp/ps7_cortexa9_0/include/xil_io.h:65:0,
                 from ../src/main.c:47:
../../sw_bsp/ps7_cortexa9_0/include/xil_printf.h:35:6: note: expected 'const char8 *' but argument is of type 'char'
 void xil_printf( const char8 *ctrl1, ...);
      ^
../src/main.c: At top level:
../src/main.c:92:13: warning: 'APP_DriverEnabled' defined but not used [-Wunused-function]
 static BOOL APP_DriverEnabled (void)
             ^
../src/main.c:107:13: warning: 'APP_PrintRevisions' defined but not used [-Wunused-function]
 static void APP_PrintRevisions (void)
             ^
../src/main.c:125:13: warning: 'APP_ChangeResolution' defined but not used [-Wunused-function]
 static void APP_ChangeResolution (void)
             ^
Finished building: ../src/main.c
 
Building target: sw.elf
Invoking: ARM gcc linker
arm-xilinx-eabi-gcc -L"C:\temp\inf3995-02\tp2\tp2Code\tp2Code\adv7511_zed.sdk\sw\lib" -Wl,-T -Wl,../src/lscript.ld -L../../sw_bsp/ps7_cortexa9_0/lib -o "sw.elf"  ./src/cf_hdmi.o ./src/diskio.o ./src/ff.o ./src/main.o ./src/transmitter.o   -lHDMI_ZedBoardLib -Wl,--start-group,-lxil,-lgcc,-lc,--end-group
cygwin warning:
  MS-DOS style path detected: C:\temp\inf3995-02\tp2\tp2Code\tp2Code\adv7511_zed.sdk\sw\Debug
  Preferred POSIX equivalent is: /cygdrive/c/temp/inf3995-02/tp2/tp2Code/tp2Code/adv7511_zed.sdk/sw/Debug
  CYGWIN environment variable option "nodosfilewarning" turns off this warning.
  Consult the user's guide for more details about POSIX paths:
    http://cygwin.com/cygwin-ug-net/using.html#using-pathnames
Finished building target: sw.elf
 
Invoking: ARM Print Size
arm-xilinx-eabi-size sw.elf  |tee "sw.elf.size"
cygwin warning:
  MS-DOS style path detected: C:\temp\inf3995-02\tp2\tp2Code\tp2Code\adv7511_zed.sdk\sw\Debug
  Preferred POSIX equivalent is: /cygdrive/c/temp/inf3995-02/tp2/tp2Code/tp2Code/adv7511_zed.sdk/sw/Debug
  CYGWIN environment variable option "nodosfilewarning" turns off this warning.
  Consult the user's guide for more details about POSIX paths:
    http://cygwin.com/cygwin-ug-net/using.html#using-pathnames
   text	   data	    bss	    dec	    hex	filename
 127121	 704576	  24608	 856305	  d10f1	sw.elf
Finished building: sw.elf.size
 
16:21:41 **** Incremental Build of configuration Debug for project sw ****
make all 
make: Nothing to be done for `all'.
16:23:29 **** Auto Build of configuration Debug for project sw ****
make all 
Building file: ../src/main.c
Invoking: ARM gcc compiler
arm-xilinx-eabi-gcc -Wall -O0 -g3 -I"C:\temp\inf3995-02\tp2\tp2Code\tp2Code\adv7511_zed.sdk\sw\inc" -c -fmessage-length=0 -MT"src/main.o" -I../../sw_bsp/ps7_cortexa9_0/include -MMD -MP -MF"src/main.d" -MT"src/main.d" -o "src/main.o" "../src/main.c"
cygwin warning:
  MS-DOS style path detected: C:\temp\inf3995-02\tp2\tp2Code\tp2Code\adv7511_zed.sdk\sw\Debug
  Preferred POSIX equivalent is: /cygdrive/c/temp/inf3995-02/tp2/tp2Code/tp2Code/adv7511_zed.sdk/sw/Debug
  CYGWIN environment variable option "nodosfilewarning" turns off this warning.
  Consult the user's guide for more details about POSIX paths:
    http://cygwin.com/cygwin-ug-net/using.html#using-pathnames
In file included from ../src/main.c:46:0:
../../sw_bsp/ps7_cortexa9_0/include/xbasic_types.h:115:2: warning: #warning The xbasics_type.h file is deprecated and users should use xil_types.h and xil_assert. [-Wcpp]
 #warning  The xbasics_type.h file is deprecated and users should use xil_types.h and xil_assert.
  ^
../../sw_bsp/ps7_cortexa9_0/include/xbasic_types.h:116:2: warning: #warning Please refer the Standalone BSP UG647 for further details [-Wcpp]
 #warning  Please refer the Standalone BSP UG647 for further details
  ^
../src/main.c: In function 'main':
../src/main.c:64:33: warning: passing argument 1 of 'xil_printf' makes pointer from integer without a cast
 #define DBG_MSG                 xil_printf
                                 ^
../src/main.c:231:6: note: in expansion of macro 'DBG_MSG'
      DBG_MSG(buff[i]);
      ^
In file included from ../../sw_bsp/ps7_cortexa9_0/include/xil_io.h:65:0,
                 from ../src/main.c:47:
../../sw_bsp/ps7_cortexa9_0/include/xil_printf.h:35:6: note: expected 'const char8 *' but argument is of type 'char'
 void xil_printf( const char8 *ctrl1, ...);
      ^
../src/main.c: At top level:
../src/main.c:92:13: warning: 'APP_DriverEnabled' defined but not used [-Wunused-function]
 static BOOL APP_DriverEnabled (void)
             ^
../src/main.c:107:13: warning: 'APP_PrintRevisions' defined but not used [-Wunused-function]
 static void APP_PrintRevisions (void)
             ^
../src/main.c:125:13: warning: 'APP_ChangeResolution' defined but not used [-Wunused-function]
 static void APP_ChangeResolution (void)
             ^
Finished building: ../src/main.c
 
Building target: sw.elf
Invoking: ARM gcc linker
arm-xilinx-eabi-gcc -L"C:\temp\inf3995-02\tp2\tp2Code\tp2Code\adv7511_zed.sdk\sw\lib" -Wl,-T -Wl,../src/lscript.ld -L../../sw_bsp/ps7_cortexa9_0/lib -o "sw.elf"  ./src/cf_hdmi.o ./src/diskio.o ./src/ff.o ./src/main.o ./src/transmitter.o   -lHDMI_ZedBoardLib -Wl,--start-group,-lxil,-lgcc,-lc,--end-group
cygwin warning:
  MS-DOS style path detected: C:\temp\inf3995-02\tp2\tp2Code\tp2Code\adv7511_zed.sdk\sw\Debug
  Preferred POSIX equivalent is: /cygdrive/c/temp/inf3995-02/tp2/tp2Code/tp2Code/adv7511_zed.sdk/sw/Debug
  CYGWIN environment variable option "nodosfilewarning" turns off this warning.
  Consult the user's guide for more details about POSIX paths:
    http://cygwin.com/cygwin-ug-net/using.html#using-pathnames
Finished building target: sw.elf
 
Invoking: ARM Print Size
arm-xilinx-eabi-size sw.elf  |tee "sw.elf.size"
cygwin warning:
  MS-DOS style path detected: C:\temp\inf3995-02\tp2\tp2Code\tp2Code\adv7511_zed.sdk\sw\Debug
  Preferred POSIX equivalent is: /cygdrive/c/temp/inf3995-02/tp2/tp2Code/tp2Code/adv7511_zed.sdk/sw/Debug
  CYGWIN environment variable option "nodosfilewarning" turns off this warning.
  Consult the user's guide for more details about POSIX paths:
    http://cygwin.com/cygwin-ug-net/using.html#using-pathnames
   text	   data	    bss	    dec	    hex	filename
 127049	 704576	  24608	 856233	  d10a9	sw.elf
Finished building: sw.elf.size
 
22:49:01 **** Auto Build of project sw_bsp ****
make -k all 
"Running Make include in ps7_cortexa9_0/libsrc/axivdma_v5_1/src"
make -C ps7_cortexa9_0/libsrc/axivdma_v5_1/src -s include  "SHELL=CMD" "COMPILER=arm-xilinx-eabi-gcc" "ARCHIVER=arm-xilinx-eabi-ar" "COMPILER_FLAGS=  -O2 -c" "EXTRA_COMPILER_FLAGS=-g"
"Running Make include in ps7_cortexa9_0/libsrc/coresightps_dcc_v1_0/src"
make -C ps7_cortexa9_0/libsrc/coresightps_dcc_v1_0/src -s include  "SHELL=CMD" "COMPILER=arm-xilinx-eabi-gcc" "ARCHIVER=arm-xilinx-eabi-ar" "COMPILER_FLAGS=  -O2 -c" "EXTRA_COMPILER_FLAGS=-g"
"Running Make include in ps7_cortexa9_0/libsrc/cpu_cortexa9_v2_1/src"
make -C ps7_cortexa9_0/libsrc/cpu_cortexa9_v2_1/src -s include  "SHELL=CMD" "COMPILER=arm-xilinx-eabi-gcc" "ARCHIVER=arm-xilinx-eabi-ar" "COMPILER_FLAGS=  -O2 -c" "EXTRA_COMPILER_FLAGS=-g"
"Running Make include in ps7_cortexa9_0/libsrc/devcfg_v3_3/src"
make -C ps7_cortexa9_0/libsrc/devcfg_v3_3/src -s include  "SHELL=CMD" "COMPILER=arm-xilinx-eabi-gcc" "ARCHIVER=arm-xilinx-eabi-ar" "COMPILER_FLAGS=  -O2 -c" "EXTRA_COMPILER_FLAGS=-g"
"Running Make include in ps7_cortexa9_0/libsrc/dmaps_v2_1/src"
make -C ps7_cortexa9_0/libsrc/dmaps_v2_1/src -s include  "SHELL=CMD" "COMPILER=arm-xilinx-eabi-gcc" "ARCHIVER=arm-xilinx-eabi-ar" "COMPILER_FLAGS=  -O2 -c" "EXTRA_COMPILER_FLAGS=-g"
"Running Make include in ps7_cortexa9_0/libsrc/emacps_v3_0/src"
make -C ps7_cortexa9_0/libsrc/emacps_v3_0/src -s include  "SHELL=CMD" "COMPILER=arm-xilinx-eabi-gcc" "ARCHIVER=arm-xilinx-eabi-ar" "COMPILER_FLAGS=  -O2 -c" "EXTRA_COMPILER_FLAGS=-g"
"Running Make include in ps7_cortexa9_0/libsrc/gpiops_v3_0/src"
make -C ps7_cortexa9_0/libsrc/gpiops_v3_0/src -s include  "SHELL=CMD" "COMPILER=arm-xilinx-eabi-gcc" "ARCHIVER=arm-xilinx-eabi-ar" "COMPILER_FLAGS=  -O2 -c" "EXTRA_COMPILER_FLAGS=-g"
"Running Make include in ps7_cortexa9_0/libsrc/iic_v3_1/src"
make -C ps7_cortexa9_0/libsrc/iic_v3_1/src -s include  "SHELL=CMD" "COMPILER=arm-xilinx-eabi-gcc" "ARCHIVER=arm-xilinx-eabi-ar" "COMPILER_FLAGS=  -O2 -c" "EXTRA_COMPILER_FLAGS=-g"
"Running Make include in ps7_cortexa9_0/libsrc/qspips_v3_2/src"
make -C ps7_cortexa9_0/libsrc/qspips_v3_2/src -s include  "SHELL=CMD" "COMPILER=arm-xilinx-eabi-gcc" "ARCHIVER=arm-xilinx-eabi-ar" "COMPILER_FLAGS=  -O2 -c" "EXTRA_COMPILER_FLAGS=-g"
"Running Make include in ps7_cortexa9_0/libsrc/scugic_v3_0/src"
make -C ps7_cortexa9_0/libsrc/scugic_v3_0/src -s include  "SHELL=CMD" "COMPILER=arm-xilinx-eabi-gcc" "ARCHIVER=arm-xilinx-eabi-ar" "COMPILER_FLAGS=  -O2 -c" "EXTRA_COMPILER_FLAGS=-g"
"Running Make include in ps7_cortexa9_0/libsrc/scutimer_v2_1/src"
make -C ps7_cortexa9_0/libsrc/scutimer_v2_1/src -s include  "SHELL=CMD" "COMPILER=arm-xilinx-eabi-gcc" "ARCHIVER=arm-xilinx-eabi-ar" "COMPILER_FLAGS=  -O2 -c" "EXTRA_COMPILER_FLAGS=-g"
"Running Make include in ps7_cortexa9_0/libsrc/scuwdt_v2_1/src"
make -C ps7_cortexa9_0/libsrc/scuwdt_v2_1/src -s include  "SHELL=CMD" "COMPILER=arm-xilinx-eabi-gcc" "ARCHIVER=arm-xilinx-eabi-ar" "COMPILER_FLAGS=  -O2 -c" "EXTRA_COMPILER_FLAGS=-g"
"Running Make include in ps7_cortexa9_0/libsrc/sdps_v2_4/src"
make -C ps7_cortexa9_0/libsrc/sdps_v2_4/src -s include  "SHELL=CMD" "COMPILER=arm-xilinx-eabi-gcc" "ARCHIVER=arm-xilinx-eabi-ar" "COMPILER_FLAGS=  -O2 -c" "EXTRA_COMPILER_FLAGS=-g"
"Running Make include in ps7_cortexa9_0/libsrc/standalone_v5_1/src"
make -C ps7_cortexa9_0/libsrc/standalone_v5_1/src -s include  "SHELL=CMD" "COMPILER=arm-xilinx-eabi-gcc" "ARCHIVER=arm-xilinx-eabi-ar" "COMPILER_FLAGS=  -O2 -c" "EXTRA_COMPILER_FLAGS=-g"
"Running Make include in ps7_cortexa9_0/libsrc/uartps_v3_0/src"
make -C ps7_cortexa9_0/libsrc/uartps_v3_0/src -s include  "SHELL=CMD" "COMPILER=arm-xilinx-eabi-gcc" "ARCHIVER=arm-xilinx-eabi-ar" "COMPILER_FLAGS=  -O2 -c" "EXTRA_COMPILER_FLAGS=-g"
"Running Make include in ps7_cortexa9_0/libsrc/usbps_v2_2/src"
make -C ps7_cortexa9_0/libsrc/usbps_v2_2/src -s include  "SHELL=CMD" "COMPILER=arm-xilinx-eabi-gcc" "ARCHIVER=arm-xilinx-eabi-ar" "COMPILER_FLAGS=  -O2 -c" "EXTRA_COMPILER_FLAGS=-g"
"Running Make include in ps7_cortexa9_0/libsrc/xadcps_v2_2/src"
make -C ps7_cortexa9_0/libsrc/xadcps_v2_2/src -s include  "SHELL=CMD" "COMPILER=arm-xilinx-eabi-gcc" "ARCHIVER=arm-xilinx-eabi-ar" "COMPILER_FLAGS=  -O2 -c" "EXTRA_COMPILER_FLAGS=-g"
"Running Make libs in ps7_cortexa9_0/libsrc/axivdma_v5_1/src"
make -C ps7_cortexa9_0/libsrc/axivdma_v5_1/src -s libs  "SHELL=CMD" "COMPILER=arm-xilinx-eabi-gcc" "ARCHIVER=arm-xilinx-eabi-ar" "COMPILER_FLAGS=  -O2 -c" "EXTRA_COMPILER_FLAGS=-g"
"Compiling axivdma"
"Running Make libs in ps7_cortexa9_0/libsrc/coresightps_dcc_v1_0/src"
make -C ps7_cortexa9_0/libsrc/coresightps_dcc_v1_0/src -s libs  "SHELL=CMD" "COMPILER=arm-xilinx-eabi-gcc" "ARCHIVER=arm-xilinx-eabi-ar" "COMPILER_FLAGS=  -O2 -c" "EXTRA_COMPILER_FLAGS=-g"
"Compiling coresightps_dcc"
"Running Make libs in ps7_cortexa9_0/libsrc/cpu_cortexa9_v2_1/src"
make -C ps7_cortexa9_0/libsrc/cpu_cortexa9_v2_1/src -s libs  "SHELL=CMD" "COMPILER=arm-xilinx-eabi-gcc" "ARCHIVER=arm-xilinx-eabi-ar" "COMPILER_FLAGS=  -O2 -c" "EXTRA_COMPILER_FLAGS=-g"
"Compiling cpu_cortexa9"
"Running Make libs in ps7_cortexa9_0/libsrc/devcfg_v3_3/src"
make -C ps7_cortexa9_0/libsrc/devcfg_v3_3/src -s libs  "SHELL=CMD" "COMPILER=arm-xilinx-eabi-gcc" "ARCHIVER=arm-xilinx-eabi-ar" "COMPILER_FLAGS=  -O2 -c" "EXTRA_COMPILER_FLAGS=-g"
"Compiling devcfg"
"Running Make libs in ps7_cortexa9_0/libsrc/dmaps_v2_1/src"
make -C ps7_cortexa9_0/libsrc/dmaps_v2_1/src -s libs  "SHELL=CMD" "COMPILER=arm-xilinx-eabi-gcc" "ARCHIVER=arm-xilinx-eabi-ar" "COMPILER_FLAGS=  -O2 -c" "EXTRA_COMPILER_FLAGS=-g"
"Compiling dmaps"
"Running Make libs in ps7_cortexa9_0/libsrc/emacps_v3_0/src"
make -C ps7_cortexa9_0/libsrc/emacps_v3_0/src -s libs  "SHELL=CMD" "COMPILER=arm-xilinx-eabi-gcc" "ARCHIVER=arm-xilinx-eabi-ar" "COMPILER_FLAGS=  -O2 -c" "EXTRA_COMPILER_FLAGS=-g"
"Compiling emacps"
"Running Make libs in ps7_cortexa9_0/libsrc/gpiops_v3_0/src"
make -C ps7_cortexa9_0/libsrc/gpiops_v3_0/src -s libs  "SHELL=CMD" "COMPILER=arm-xilinx-eabi-gcc" "ARCHIVER=arm-xilinx-eabi-ar" "COMPILER_FLAGS=  -O2 -c" "EXTRA_COMPILER_FLAGS=-g"
"Compiling gpiops"
"Running Make libs in ps7_cortexa9_0/libsrc/iic_v3_1/src"
make -C ps7_cortexa9_0/libsrc/iic_v3_1/src -s libs  "SHELL=CMD" "COMPILER=arm-xilinx-eabi-gcc" "ARCHIVER=arm-xilinx-eabi-ar" "COMPILER_FLAGS=  -O2 -c" "EXTRA_COMPILER_FLAGS=-g"
"Compiling iic"
"Running Make libs in ps7_cortexa9_0/libsrc/qspips_v3_2/src"
make -C ps7_cortexa9_0/libsrc/qspips_v3_2/src -s libs  "SHELL=CMD" "COMPILER=arm-xilinx-eabi-gcc" "ARCHIVER=arm-xilinx-eabi-ar" "COMPILER_FLAGS=  -O2 -c" "EXTRA_COMPILER_FLAGS=-g"
"Compiling qspips"
"Running Make libs in ps7_cortexa9_0/libsrc/scugic_v3_0/src"
make -C ps7_cortexa9_0/libsrc/scugic_v3_0/src -s libs  "SHELL=CMD" "COMPILER=arm-xilinx-eabi-gcc" "ARCHIVER=arm-xilinx-eabi-ar" "COMPILER_FLAGS=  -O2 -c" "EXTRA_COMPILER_FLAGS=-g"
"Compiling scugic"
"Running Make libs in ps7_cortexa9_0/libsrc/scutimer_v2_1/src"
make -C ps7_cortexa9_0/libsrc/scutimer_v2_1/src -s libs  "SHELL=CMD" "COMPILER=arm-xilinx-eabi-gcc" "ARCHIVER=arm-xilinx-eabi-ar" "COMPILER_FLAGS=  -O2 -c" "EXTRA_COMPILER_FLAGS=-g"
"Compiling scutimer"
"Running Make libs in ps7_cortexa9_0/libsrc/scuwdt_v2_1/src"
make -C ps7_cortexa9_0/libsrc/scuwdt_v2_1/src -s libs  "SHELL=CMD" "COMPILER=arm-xilinx-eabi-gcc" "ARCHIVER=arm-xilinx-eabi-ar" "COMPILER_FLAGS=  -O2 -c" "EXTRA_COMPILER_FLAGS=-g"
"Compiling scuwdt"
"Running Make libs in ps7_cortexa9_0/libsrc/sdps_v2_4/src"
make -C ps7_cortexa9_0/libsrc/sdps_v2_4/src -s libs  "SHELL=CMD" "COMPILER=arm-xilinx-eabi-gcc" "ARCHIVER=arm-xilinx-eabi-ar" "COMPILER_FLAGS=  -O2 -c" "EXTRA_COMPILER_FLAGS=-g"
"Compiling sdps"
"Running Make libs in ps7_cortexa9_0/libsrc/standalone_v5_1/src"
make -C ps7_cortexa9_0/libsrc/standalone_v5_1/src -s libs  "SHELL=CMD" "COMPILER=arm-xilinx-eabi-gcc" "ARCHIVER=arm-xilinx-eabi-ar" "COMPILER_FLAGS=  -O2 -c" "EXTRA_COMPILER_FLAGS=-g"
"Compiling standalone"
"Running Make libs in ps7_cortexa9_0/libsrc/uartps_v3_0/src"
make -C ps7_cortexa9_0/libsrc/uartps_v3_0/src -s libs  "SHELL=CMD" "COMPILER=arm-xilinx-eabi-gcc" "ARCHIVER=arm-xilinx-eabi-ar" "COMPILER_FLAGS=  -O2 -c" "EXTRA_COMPILER_FLAGS=-g"
"Compiling uartps"
"Running Make libs in ps7_cortexa9_0/libsrc/usbps_v2_2/src"
make -C ps7_cortexa9_0/libsrc/usbps_v2_2/src -s libs  "SHELL=CMD" "COMPILER=arm-xilinx-eabi-gcc" "ARCHIVER=arm-xilinx-eabi-ar" "COMPILER_FLAGS=  -O2 -c" "EXTRA_COMPILER_FLAGS=-g"
"Compiling usbps"
"Running Make libs in ps7_cortexa9_0/libsrc/xadcps_v2_2/src"
make -C ps7_cortexa9_0/libsrc/xadcps_v2_2/src -s libs  "SHELL=CMD" "COMPILER=arm-xilinx-eabi-gcc" "ARCHIVER=arm-xilinx-eabi-ar" "COMPILER_FLAGS=  -O2 -c" "EXTRA_COMPILER_FLAGS=-g"
"Compiling xadcps"
'Finished building libraries'
22:49:27 **** Auto Build of configuration Debug for project sw ****
make all 
make: Rien à faire pour « all ».
