21:12:03 **** Auto Build of configuration Debug for project app_Hello ****
make all 
'Building file: ../src/helloworld.c'
'Invoking: ARM gcc compiler'
arm-xilinx-eabi-gcc -Wall -O0 -g3 -c -fmessage-length=0 -MT"src/helloworld.o" -I../../bsp_tp1/ps7_cortexa9_0/include -MMD -MP -MF"src/helloworld.d" -MT"src/helloworld.d" -o "src/helloworld.o" "../src/helloworld.c"
'Finished building: ../src/helloworld.c'
' '
'Building file: ../src/platform.c'
'Invoking: ARM gcc compiler'
arm-xilinx-eabi-gcc -Wall -O0 -g3 -c -fmessage-length=0 -MT"src/platform.o" -I../../bsp_tp1/ps7_cortexa9_0/include -MMD -MP -MF"src/platform.d" -MT"src/platform.d" -o "src/platform.o" "../src/platform.c"
'Finished building: ../src/platform.c'
' '
'Building target: app_Hello.elf'
'Invoking: ARM gcc linker'
arm-xilinx-eabi-gcc -Wl,-T -Wl,../src/lscript.ld -L../../bsp_tp1/ps7_cortexa9_0/lib -o "app_Hello.elf"  ./src/helloworld.o ./src/platform.o   -Wl,--start-group,-lxil,-lgcc,-lc,--end-group
'Finished building target: app_Hello.elf'
' '
'Invoking: ARM Print Size'
arm-xilinx-eabi-size app_Hello.elf  |tee "app_Hello.elf.size"
   text	   data	    bss	    dec	    hex	filename
  37916	   1960	  22660	  62536	   f448	app_Hello.elf
'Finished building: app_Hello.elf.size'
' '

21:12:04 Build Finished (took 1s.318ms)

